[0.676s] DEBUG:colcon:Command line arguments: ['/usr/bin/colcon', 'build', '--packages-select', 'cart_follow', '--symlink-install']
[0.676s] DEBUG:colcon:Parsed command line arguments: Namespace(log_base=None, log_level=None, verb_name='build', build_base='build', install_base='install', merge_install=False, symlink_install=True, test_result_base=None, continue_on_error=False, executor='parallel', parallel_workers=4, event_handlers=None, ignore_user_meta=False, metas=['./colcon.meta'], base_paths=['.'], packages_ignore=None, packages_ignore_regex=None, paths=None, packages_up_to=None, packages_up_to_regex=None, packages_above=None, packages_above_and_dependencies=None, packages_above_depth=None, packages_select_by_dep=None, packages_skip_by_dep=None, packages_skip_up_to=None, packages_select_build_failed=False, packages_skip_build_finished=False, packages_select_test_failures=False, packages_skip_test_passed=False, packages_select=['cart_follow'], packages_skip=None, packages_select_regex=None, packages_skip_regex=None, packages_start=None, packages_end=None, allow_overriding=[], cmake_args=None, cmake_target=None, cmake_target_skip_unavailable=False, cmake_clean_cache=False, cmake_clean_first=False, cmake_force_configure=False, ament_cmake_args=None, catkin_cmake_args=None, catkin_skip_building_tests=False, verb_parser=<colcon_defaults.argument_parser.defaults.DefaultArgumentsDecorator object at 0xffffb4ac5070>, verb_extension=<colcon_core.verb.build.BuildVerb object at 0xffffb4c75eb0>, main=<bound method BuildVerb.main of <colcon_core.verb.build.BuildVerb object at 0xffffb4c75eb0>>)
[0.824s] Level 1:colcon.colcon_core.package_discovery:discover_packages(colcon_meta) check parameters
[0.824s] Level 1:colcon.colcon_core.package_discovery:discover_packages(recursive) check parameters
[0.824s] Level 1:colcon.colcon_core.package_discovery:discover_packages(ignore) check parameters
[0.824s] Level 1:colcon.colcon_core.package_discovery:discover_packages(path) check parameters
[0.824s] Level 1:colcon.colcon_core.package_discovery:discover_packages(colcon_meta) discover
[0.825s] Level 1:colcon.colcon_core.package_discovery:discover_packages(recursive) discover
[0.825s] INFO:colcon.colcon_core.package_discovery:Crawling recursively for packages in '/home/pi/robot_project/robot_ws'
[0.825s] Level 1:colcon.colcon_core.package_identification:_identify(.) by extensions ['ignore', 'ignore_ament_install']
[0.825s] Level 1:colcon.colcon_core.package_identification:_identify(.) by extension 'ignore'
[0.825s] Level 1:colcon.colcon_core.package_identification:_identify(.) by extension 'ignore_ament_install'
[0.825s] Level 1:colcon.colcon_core.package_identification:_identify(.) by extensions ['colcon_pkg']
[0.825s] Level 1:colcon.colcon_core.package_identification:_identify(.) by extension 'colcon_pkg'
[0.825s] Level 1:colcon.colcon_core.package_identification:_identify(.) by extensions ['colcon_meta']
[0.825s] Level 1:colcon.colcon_core.package_identification:_identify(.) by extension 'colcon_meta'
[0.825s] Level 1:colcon.colcon_core.package_identification:_identify(.) by extensions ['ros']
[0.825s] Level 1:colcon.colcon_core.package_identification:_identify(.) by extension 'ros'
[0.900s] Level 1:colcon.colcon_core.package_identification:_identify(.) by extensions ['cmake', 'python']
[0.900s] Level 1:colcon.colcon_core.package_identification:_identify(.) by extension 'cmake'
[0.901s] Level 1:colcon.colcon_core.package_identification:_identify(.) by extension 'python'
[0.901s] Level 1:colcon.colcon_core.package_identification:_identify(.) by extensions ['python_setup_py']
[0.901s] Level 1:colcon.colcon_core.package_identification:_identify(.) by extension 'python_setup_py'
[0.901s] Level 1:colcon.colcon_core.package_identification:_identify(build) by extensions ['ignore', 'ignore_ament_install']
[0.902s] Level 1:colcon.colcon_core.package_identification:_identify(build) by extension 'ignore'
[0.902s] Level 1:colcon.colcon_core.package_identification:_identify(build) ignored
[0.903s] Level 1:colcon.colcon_core.package_identification:_identify(install) by extensions ['ignore', 'ignore_ament_install']
[0.903s] Level 1:colcon.colcon_core.package_identification:_identify(install) by extension 'ignore'
[0.903s] Level 1:colcon.colcon_core.package_identification:_identify(install) ignored
[0.904s] Level 1:colcon.colcon_core.package_identification:_identify(log) by extensions ['ignore', 'ignore_ament_install']
[0.904s] Level 1:colcon.colcon_core.package_identification:_identify(log) by extension 'ignore'
[0.904s] Level 1:colcon.colcon_core.package_identification:_identify(log) ignored
[0.905s] Level 1:colcon.colcon_core.package_identification:_identify(src) by extensions ['ignore', 'ignore_ament_install']
[0.905s] Level 1:colcon.colcon_core.package_identification:_identify(src) by extension 'ignore'
[0.905s] Level 1:colcon.colcon_core.package_identification:_identify(src) by extension 'ignore_ament_install'
[0.905s] Level 1:colcon.colcon_core.package_identification:_identify(src) by extensions ['colcon_pkg']
[0.905s] Level 1:colcon.colcon_core.package_identification:_identify(src) by extension 'colcon_pkg'
[0.905s] Level 1:colcon.colcon_core.package_identification:_identify(src) by extensions ['colcon_meta']
[0.906s] Level 1:colcon.colcon_core.package_identification:_identify(src) by extension 'colcon_meta'
[0.906s] Level 1:colcon.colcon_core.package_identification:_identify(src) by extensions ['ros']
[0.906s] Level 1:colcon.colcon_core.package_identification:_identify(src) by extension 'ros'
[0.906s] Level 1:colcon.colcon_core.package_identification:_identify(src) by extensions ['cmake', 'python']
[0.906s] Level 1:colcon.colcon_core.package_identification:_identify(src) by extension 'cmake'
[0.907s] Level 1:colcon.colcon_core.package_identification:_identify(src) by extension 'python'
[0.907s] Level 1:colcon.colcon_core.package_identification:_identify(src) by extensions ['python_setup_py']
[0.907s] Level 1:colcon.colcon_core.package_identification:_identify(src) by extension 'python_setup_py'
[0.907s] Level 1:colcon.colcon_core.package_identification:_identify(src/cart_follow) by extensions ['ignore', 'ignore_ament_install']
[0.908s] Level 1:colcon.colcon_core.package_identification:_identify(src/cart_follow) by extension 'ignore'
[0.908s] Level 1:colcon.colcon_core.package_identification:_identify(src/cart_follow) by extension 'ignore_ament_install'
[0.909s] Level 1:colcon.colcon_core.package_identification:_identify(src/cart_follow) by extensions ['colcon_pkg']
[0.909s] Level 1:colcon.colcon_core.package_identification:_identify(src/cart_follow) by extension 'colcon_pkg'
[0.909s] Level 1:colcon.colcon_core.package_identification:_identify(src/cart_follow) by extensions ['colcon_meta']
[0.909s] Level 1:colcon.colcon_core.package_identification:_identify(src/cart_follow) by extension 'colcon_meta'
[0.909s] Level 1:colcon.colcon_core.package_identification:_identify(src/cart_follow) by extensions ['ros']
[0.909s] Level 1:colcon.colcon_core.package_identification:_identify(src/cart_follow) by extension 'ros'
[0.926s] DEBUG:colcon.colcon_core.package_identification:Package 'src/cart_follow' with type 'ros.ament_python' and name 'cart_follow'
[0.926s] Level 1:colcon.colcon_core.package_identification:_identify(src/ydlidar_ros2_driver_jazzy) by extensions ['ignore', 'ignore_ament_install']
[0.927s] Level 1:colcon.colcon_core.package_identification:_identify(src/ydlidar_ros2_driver_jazzy) by extension 'ignore'
[0.927s] Level 1:colcon.colcon_core.package_identification:_identify(src/ydlidar_ros2_driver_jazzy) by extension 'ignore_ament_install'
[0.927s] Level 1:colcon.colcon_core.package_identification:_identify(src/ydlidar_ros2_driver_jazzy) by extensions ['colcon_pkg']
[0.927s] Level 1:colcon.colcon_core.package_identification:_identify(src/ydlidar_ros2_driver_jazzy) by extension 'colcon_pkg'
[0.927s] Level 1:colcon.colcon_core.package_identification:_identify(src/ydlidar_ros2_driver_jazzy) by extensions ['colcon_meta']
[0.927s] Level 1:colcon.colcon_core.package_identification:_identify(src/ydlidar_ros2_driver_jazzy) by extension 'colcon_meta'
[0.927s] Level 1:colcon.colcon_core.package_identification:_identify(src/ydlidar_ros2_driver_jazzy) by extensions ['ros']
[0.927s] Level 1:colcon.colcon_core.package_identification:_identify(src/ydlidar_ros2_driver_jazzy) by extension 'ros'
[0.929s] DEBUG:colcon.colcon_core.package_identification:Package 'src/ydlidar_ros2_driver_jazzy' with type 'ros.ament_cmake' and name 'ydlidar_ros2_driver'
[0.929s] Level 1:colcon.colcon_core.package_discovery:discover_packages(recursive) using defaults
[0.930s] Level 1:colcon.colcon_core.package_discovery:discover_packages(ignore) discover
[0.930s] Level 1:colcon.colcon_core.package_discovery:discover_packages(ignore) using defaults
[0.930s] Level 1:colcon.colcon_core.package_discovery:discover_packages(path) discover
[0.930s] Level 1:colcon.colcon_core.package_discovery:discover_packages(path) using defaults
[0.984s] INFO:colcon.colcon_core.package_selection:Skipping not selected package 'ydlidar_ros2_driver' in 'src/ydlidar_ros2_driver_jazzy'
[0.985s] Level 1:colcon.colcon_core.package_discovery:discover_packages(prefix_path) check parameters
[0.985s] Level 1:colcon.colcon_core.package_discovery:discover_packages(prefix_path) discover
[0.992s] DEBUG:colcon.colcon_installed_package_information.package_discovery:Found 287 installed packages in /opt/ros/jazzy
[0.993s] Level 1:colcon.colcon_core.package_discovery:discover_packages(prefix_path) using defaults
[1.058s] Level 5:colcon.colcon_core.verb:set package 'cart_follow' build argument 'cmake_args' from command line to 'None'
[1.058s] Level 5:colcon.colcon_core.verb:set package 'cart_follow' build argument 'cmake_target' from command line to 'None'
[1.058s] Level 5:colcon.colcon_core.verb:set package 'cart_follow' build argument 'cmake_target_skip_unavailable' from command line to 'False'
[1.058s] Level 5:colcon.colcon_core.verb:set package 'cart_follow' build argument 'cmake_clean_cache' from command line to 'False'
[1.058s] Level 5:colcon.colcon_core.verb:set package 'cart_follow' build argument 'cmake_clean_first' from command line to 'False'
[1.058s] Level 5:colcon.colcon_core.verb:set package 'cart_follow' build argument 'cmake_force_configure' from command line to 'False'
[1.058s] Level 5:colcon.colcon_core.verb:set package 'cart_follow' build argument 'ament_cmake_args' from command line to 'None'
[1.058s] Level 5:colcon.colcon_core.verb:set package 'cart_follow' build argument 'catkin_cmake_args' from command line to 'None'
[1.058s] Level 5:colcon.colcon_core.verb:set package 'cart_follow' build argument 'catkin_skip_building_tests' from command line to 'False'
[1.058s] DEBUG:colcon.colcon_core.verb:Building package 'cart_follow' with the following arguments: {'ament_cmake_args': None, 'build_base': '/home/pi/robot_project/robot_ws/build/cart_follow', 'catkin_cmake_args': None, 'catkin_skip_building_tests': False, 'cmake_args': None, 'cmake_clean_cache': False, 'cmake_clean_first': False, 'cmake_force_configure': False, 'cmake_target': None, 'cmake_target_skip_unavailable': False, 'install_base': '/home/pi/robot_project/robot_ws/install/cart_follow', 'merge_install': False, 'path': '/home/pi/robot_project/robot_ws/src/cart_follow', 'symlink_install': True, 'test_result_base': None}
[1.059s] INFO:colcon.colcon_core.executor:Executing jobs using 'parallel' executor
[1.060s] DEBUG:colcon.colcon_parallel_executor.executor.parallel:run_until_complete
[1.060s] INFO:colcon.colcon_ros.task.ament_python.build:Building ROS package in '/home/pi/robot_project/robot_ws/src/cart_follow' with build type 'ament_python'
[1.061s] Level 1:colcon.colcon_core.shell:create_environment_hook('cart_follow', 'ament_prefix_path')
[1.071s] INFO:colcon.colcon_core.plugin_system:Skipping extension 'colcon_core.shell.bat': Not used on non-Windows systems
[1.071s] INFO:colcon.colcon_core.shell:Creating environment hook '/home/pi/robot_project/robot_ws/install/cart_follow/share/cart_follow/hook/ament_prefix_path.ps1'
[1.073s] INFO:colcon.colcon_core.shell:Creating environment descriptor '/home/pi/robot_project/robot_ws/install/cart_follow/share/cart_follow/hook/ament_prefix_path.dsv'
[1.074s] INFO:colcon.colcon_core.shell:Creating environment hook '/home/pi/robot_project/robot_ws/install/cart_follow/share/cart_follow/hook/ament_prefix_path.sh'
[1.076s] INFO:colcon.colcon_core.shell:Skip shell extension 'powershell' for command environment: Not usable outside of PowerShell
[1.076s] DEBUG:colcon.colcon_core.shell:Skip shell extension 'dsv' for command environment
[1.427s] INFO:colcon.colcon_core.task.python.build:Building Python package in '/home/pi/robot_project/robot_ws/src/cart_follow'
[1.427s] INFO:colcon.colcon_core.shell:Skip shell extension 'powershell' for command environment: Not usable outside of PowerShell
[1.428s] DEBUG:colcon.colcon_core.shell:Skip shell extension 'dsv' for command environment
[2.669s] DEBUG:colcon.colcon_core.task.python.build:Available setuptools commands: build, develop, init_catalog, install_egg_info, build_py, register, bdist, sdist, install_data, check, clean, compile_catalog, update_catalog, rotate, install_scripts, install_lib, upload, egg_info, upload_docs, easy_install, dist_info, install_headers, symlink_data, test, install, setopt, bdist_egg, editable_wheel, bdist_wheel, bdist_rpm, build_ext, extract_messages, saveopts, alias, bdist_dumb, build_scripts, build_clib
[3.138s] DEBUG:colcon.colcon_core.task.python.build:Available setuptools 'develop' options: --force-installation-into-system-dir, --no-deps, --version, --prefix, --upgrade, --script-dir, --local-snapshots-ok, --no-find-links, --uninstall, --build-directory, --optimize, --install-layout, --dry-run, --always-unzip, --index-url, --verbose, --quiet, --install-dir, --allow-hosts, --zip-ok, --help, --user, --exclude-scripts, --record, --editable, --multi-version, --egg-path, --always-copy, --site-dirs, --find-links, --no-user-cfg
[3.140s] DEBUG:colcon.colcon_core.event_handler.log_command:Invoking command in '/home/pi/robot_project/robot_ws/build/cart_follow': DEBUGINFOD_URLS=https://debuginfod.ubuntu.com PYTHONPATH=/home/pi/robot_project/robot_ws/build/cart_follow/prefix_override:/usr/lib/python3/dist-packages/colcon_core/task/python/colcon_distutils_commands:/home/pi/robot_project/robot_ws/install/cart_follow/lib/python3.12/site-packages:${PYTHONPATH} VIRTUAL_ENV_PROMPT=(venv) /usr/bin/python3 -W ignore:setup.py install is deprecated -W ignore:easy_install command is deprecated setup.py develop --editable --build-directory /home/pi/robot_project/robot_ws/build/cart_follow/build --no-deps symlink_data
[4.030s] Level 1:colcon.colcon_core.shell:create_environment_hook('cart_follow', 'pythonpath_develop')
[4.030s] INFO:colcon.colcon_core.shell:Creating environment hook '/home/pi/robot_project/robot_ws/build/cart_follow/share/cart_follow/hook/pythonpath_develop.ps1'
[4.031s] DEBUG:colcon.colcon_core.event_handler.log_command:Invoked command in '/home/pi/robot_project/robot_ws/build/cart_follow' returned '0': DEBUGINFOD_URLS=https://debuginfod.ubuntu.com PYTHONPATH=/home/pi/robot_project/robot_ws/build/cart_follow/prefix_override:/usr/lib/python3/dist-packages/colcon_core/task/python/colcon_distutils_commands:/home/pi/robot_project/robot_ws/install/cart_follow/lib/python3.12/site-packages:${PYTHONPATH} VIRTUAL_ENV_PROMPT=(venv) /usr/bin/python3 -W ignore:setup.py install is deprecated -W ignore:easy_install command is deprecated setup.py develop --editable --build-directory /home/pi/robot_project/robot_ws/build/cart_follow/build --no-deps symlink_data
[4.031s] INFO:colcon.colcon_core.shell:Creating environment descriptor '/home/pi/robot_project/robot_ws/build/cart_follow/share/cart_follow/hook/pythonpath_develop.dsv'
[4.032s] INFO:colcon.colcon_core.shell:Creating environment hook '/home/pi/robot_project/robot_ws/build/cart_follow/share/cart_follow/hook/pythonpath_develop.sh'
[4.043s] Level 1:colcon.colcon_core.environment:checking '/home/pi/robot_project/robot_ws/install/cart_follow' for CMake module files
[4.044s] Level 1:colcon.colcon_core.environment:checking '/home/pi/robot_project/robot_ws/install/cart_follow' for CMake config files
[4.045s] Level 1:colcon.colcon_core.environment:checking '/home/pi/robot_project/robot_ws/install/cart_follow/lib'
[4.045s] Level 1:colcon.colcon_core.environment:checking '/home/pi/robot_project/robot_ws/install/cart_follow/bin'
[4.045s] Level 1:colcon.colcon_core.environment:checking '/home/pi/robot_project/robot_ws/install/cart_follow/lib/pkgconfig/cart_follow.pc'
[4.046s] Level 1:colcon.colcon_core.environment:checking '/home/pi/robot_project/robot_ws/install/cart_follow/lib/python3.12/site-packages'
[4.046s] Level 1:colcon.colcon_core.shell:create_environment_hook('cart_follow', 'pythonpath')
[4.046s] INFO:colcon.colcon_core.shell:Creating environment hook '/home/pi/robot_project/robot_ws/install/cart_follow/share/cart_follow/hook/pythonpath.ps1'
[4.047s] INFO:colcon.colcon_core.shell:Creating environment descriptor '/home/pi/robot_project/robot_ws/install/cart_follow/share/cart_follow/hook/pythonpath.dsv'
[4.048s] INFO:colcon.colcon_core.shell:Creating environment hook '/home/pi/robot_project/robot_ws/install/cart_follow/share/cart_follow/hook/pythonpath.sh'
[4.049s] Level 1:colcon.colcon_core.environment:checking '/home/pi/robot_project/robot_ws/install/cart_follow/bin'
[4.049s] Level 1:colcon.colcon_core.environment:create_environment_scripts_only(cart_follow)
[4.050s] INFO:colcon.colcon_core.shell:Creating package script '/home/pi/robot_project/robot_ws/install/cart_follow/share/cart_follow/package.ps1'
[4.052s] INFO:colcon.colcon_core.shell:Creating package descriptor '/home/pi/robot_project/robot_ws/install/cart_follow/share/cart_follow/package.dsv'
[4.054s] INFO:colcon.colcon_core.shell:Creating package script '/home/pi/robot_project/robot_ws/install/cart_follow/share/cart_follow/package.sh'
[4.056s] INFO:colcon.colcon_core.shell:Creating package script '/home/pi/robot_project/robot_ws/install/cart_follow/share/cart_follow/package.bash'
[4.058s] INFO:colcon.colcon_core.shell:Creating package script '/home/pi/robot_project/robot_ws/install/cart_follow/share/cart_follow/package.zsh'
[4.061s] Level 1:colcon.colcon_core.environment:create_file_with_runtime_dependencies(/home/pi/robot_project/robot_ws/install/cart_follow/share/colcon-core/packages/cart_follow)
[4.062s] DEBUG:colcon.colcon_parallel_executor.executor.parallel:closing loop
[4.062s] DEBUG:colcon.colcon_parallel_executor.executor.parallel:loop closed
[4.062s] DEBUG:colcon.colcon_parallel_executor.executor.parallel:run_until_complete finished with '0'
[4.062s] DEBUG:colcon.colcon_core.event_reactor:joining thread
[4.063s] DEBUG:colcon.colcon_core.event_reactor:joined thread
[4.063s] INFO:colcon.colcon_core.shell:Creating prefix script '/home/pi/robot_project/robot_ws/install/local_setup.ps1'
[4.065s] INFO:colcon.colcon_core.shell:Creating prefix util module '/home/pi/robot_project/robot_ws/install/_local_setup_util_ps1.py'
[4.068s] INFO:colcon.colcon_core.shell:Creating prefix chain script '/home/pi/robot_project/robot_ws/install/setup.ps1'
[4.071s] INFO:colcon.colcon_core.shell:Creating prefix script '/home/pi/robot_project/robot_ws/install/local_setup.sh'
[4.073s] INFO:colcon.colcon_core.shell:Creating prefix util module '/home/pi/robot_project/robot_ws/install/_local_setup_util_sh.py'
[4.074s] INFO:colcon.colcon_core.shell:Creating prefix chain script '/home/pi/robot_project/robot_ws/install/setup.sh'
[4.076s] INFO:colcon.colcon_core.shell:Creating prefix script '/home/pi/robot_project/robot_ws/install/local_setup.bash'
[4.078s] INFO:colcon.colcon_core.shell:Creating prefix chain script '/home/pi/robot_project/robot_ws/install/setup.bash'
[4.080s] INFO:colcon.colcon_core.shell:Creating prefix script '/home/pi/robot_project/robot_ws/install/local_setup.zsh'
[4.082s] INFO:colcon.colcon_core.shell:Creating prefix chain script '/home/pi/robot_project/robot_ws/install/setup.zsh'
