[1.657s] Invoking command in '/home/pi/robot_project/robot_ws/src/cart_follow': DEBUGINFOD_URLS=https://debuginfod.ubuntu.com PYTHONPATH=/home/pi/robot_project/robot_ws/build/cart_follow/prefix_override:/usr/lib/python3/dist-packages/colcon_core/task/python/colcon_distutils_commands:/home/pi/robot_project/robot_ws/install/cart_follow/lib/python3.12/site-packages:${PYTHONPATH} VIRTUAL_ENV_PROMPT=(venv) /usr/bin/python3 -W ignore:setup.py install is deprecated -W ignore:easy_install command is deprecated setup.py egg_info --egg-base ../../build/cart_follow build --build-base /home/pi/robot_project/robot_ws/build/cart_follow/build install --record /home/pi/robot_project/robot_ws/build/cart_follow/install.log --install-scripts $base/lib/cart_follow --single-version-externally-managed install_data
[2.009s] running egg_info
[2.033s] writing ../../build/cart_follow/cart_follow.egg-info/PKG-INFO
[2.034s] writing dependency_links to ../../build/cart_follow/cart_follow.egg-info/dependency_links.txt
[2.036s] writing entry points to ../../build/cart_follow/cart_follow.egg-info/entry_points.txt
[2.036s] writing requirements to ../../build/cart_follow/cart_follow.egg-info/requires.txt
[2.037s] writing top-level names to ../../build/cart_follow/cart_follow.egg-info/top_level.txt
[2.090s] reading manifest file '../../build/cart_follow/cart_follow.egg-info/SOURCES.txt'
[2.092s] writing manifest file '../../build/cart_follow/cart_follow.egg-info/SOURCES.txt'
[2.092s] running build
[2.092s] running build_py
[2.092s] copying cart_follow/lidar_avoidance.py -> /home/pi/robot_project/robot_ws/build/cart_follow/build/lib/cart_follow
[2.093s] running install
[2.102s] running install_lib
[2.128s] copying /home/pi/robot_project/robot_ws/build/cart_follow/build/lib/cart_follow/lidar_avoidance.py -> /home/pi/robot_project/robot_ws/install/cart_follow/lib/python3.12/site-packages/cart_follow
[2.129s] byte-compiling /home/pi/robot_project/robot_ws/install/cart_follow/lib/python3.12/site-packages/cart_follow/lidar_avoidance.py to lidar_avoidance.cpython-312.pyc
[2.131s] running install_data
[2.132s] running install_egg_info
[2.159s] removing '/home/pi/robot_project/robot_ws/install/cart_follow/lib/python3.12/site-packages/cart_follow-0.0.0-py3.12.egg-info' (and everything under it)
[2.159s] Copying ../../build/cart_follow/cart_follow.egg-info to /home/pi/robot_project/robot_ws/install/cart_follow/lib/python3.12/site-packages/cart_follow-0.0.0-py3.12.egg-info
[2.161s] running install_scripts
[2.335s] Installing follow_controller script to /home/pi/robot_project/robot_ws/install/cart_follow/lib/cart_follow
[2.335s] Installing lidar_avoidance script to /home/pi/robot_project/robot_ws/install/cart_follow/lib/cart_follow
[2.336s] Installing motor_serial script to /home/pi/robot_project/robot_ws/install/cart_follow/lib/cart_follow
[2.337s] Installing uwb_tracker script to /home/pi/robot_project/robot_ws/install/cart_follow/lib/cart_follow
[2.338s] writing list of installed files to '/home/pi/robot_project/robot_ws/build/cart_follow/install.log'
[2.487s] Invoked command in '/home/pi/robot_project/robot_ws/src/cart_follow' returned '0': DEBUGINFOD_URLS=https://debuginfod.ubuntu.com PYTHONPATH=/home/pi/robot_project/robot_ws/build/cart_follow/prefix_override:/usr/lib/python3/dist-packages/colcon_core/task/python/colcon_distutils_commands:/home/pi/robot_project/robot_ws/install/cart_follow/lib/python3.12/site-packages:${PYTHONPATH} VIRTUAL_ENV_PROMPT=(venv) /usr/bin/python3 -W ignore:setup.py install is deprecated -W ignore:easy_install command is deprecated setup.py egg_info --egg-base ../../build/cart_follow build --build-base /home/pi/robot_project/robot_ws/build/cart_follow/build install --record /home/pi/robot_project/robot_ws/build/cart_follow/install.log --install-scripts $base/lib/cart_follow --single-version-externally-managed install_data
