[1.659s] Invoking command in '/home/pi/robot_project/robot_ws/build/cart_follow': DEBUGINFOD_URLS=https://debuginfod.ubuntu.com PYTHONPATH=/home/pi/robot_project/robot_ws/build/cart_follow/prefix_override:/usr/lib/python3/dist-packages/colcon_core/task/python/colcon_distutils_commands:/home/pi/robot_project/robot_ws/install/cart_follow/lib/python3.12/site-packages:${PYTHONPATH} /usr/bin/python3 -W ignore:setup.py install is deprecated -W ignore:easy_install command is deprecated setup.py develop --editable --build-directory /home/pi/robot_project/robot_ws/build/cart_follow/build --no-deps symlink_data
[2.116s] running develop
[2.377s] running egg_info
[2.401s] writing cart_follow.egg-info/PKG-INFO
[2.401s] writing dependency_links to cart_follow.egg-info/dependency_links.txt
[2.404s] writing entry points to cart_follow.egg-info/entry_points.txt
[2.404s] writing requirements to cart_follow.egg-info/requires.txt
[2.405s] writing top-level names to cart_follow.egg-info/top_level.txt
[2.457s] reading manifest file 'cart_follow.egg-info/SOURCES.txt'
[2.458s] writing manifest file 'cart_follow.egg-info/SOURCES.txt'
[2.484s] running build_ext
[2.485s] Creating /home/pi/robot_project/robot_ws/install/cart_follow/lib/python3.12/site-packages/cart-follow.egg-link (link to .)
[2.486s] Installing follow_controller script to /home/pi/robot_project/robot_ws/install/cart_follow/lib/cart_follow
[2.486s] Installing imu_node script to /home/pi/robot_project/robot_ws/install/cart_follow/lib/cart_follow
[2.486s] Installing lidar_avoidance script to /home/pi/robot_project/robot_ws/install/cart_follow/lib/cart_follow
[2.486s] Installing motor_serial script to /home/pi/robot_project/robot_ws/install/cart_follow/lib/cart_follow
[2.487s] Installing uwb_tracker script to /home/pi/robot_project/robot_ws/install/cart_follow/lib/cart_follow
[2.487s] 
[2.487s] Installed /home/pi/robot_project/robot_ws/build/cart_follow
[2.487s] running symlink_data
[2.580s] Invoked command in '/home/pi/robot_project/robot_ws/build/cart_follow' returned '0': DEBUGINFOD_URLS=https://debuginfod.ubuntu.com PYTHONPATH=/home/pi/robot_project/robot_ws/build/cart_follow/prefix_override:/usr/lib/python3/dist-packages/colcon_core/task/python/colcon_distutils_commands:/home/pi/robot_project/robot_ws/install/cart_follow/lib/python3.12/site-packages:${PYTHONPATH} /usr/bin/python3 -W ignore:setup.py install is deprecated -W ignore:easy_install command is deprecated setup.py develop --editable --build-directory /home/pi/robot_project/robot_ws/build/cart_follow/build --no-deps symlink_data
