[2.419s] Invoking command in '/home/pi/robot_project/robot_ws/build/cart_follow': DEBUGINFOD_URLS=https://debuginfod.ubuntu.com PYTHONPATH=/home/pi/robot_project/robot_ws/build/cart_follow/prefix_override:/usr/lib/python3/dist-packages/colcon_core/task/python/colcon_distutils_commands:/home/pi/robot_project/robot_ws/install/cart_follow/lib/python3.12/site-packages:${PYTHONPATH} /usr/bin/python3 -W ignore:setup.py install is deprecated -W ignore:easy_install command is deprecated setup.py develop --editable --build-directory /home/pi/robot_project/robot_ws/build/cart_follow/build --no-deps symlink_data
[2.855s] running develop
[3.118s] running egg_info
[3.141s] writing cart_follow.egg-info/PKG-INFO
[3.142s] writing dependency_links to cart_follow.egg-info/dependency_links.txt
[3.143s] writing entry points to cart_follow.egg-info/entry_points.txt
[3.143s] writing requirements to cart_follow.egg-info/requires.txt
[3.144s] writing top-level names to cart_follow.egg-info/top_level.txt
[3.195s] reading manifest file 'cart_follow.egg-info/SOURCES.txt'
[3.196s] writing manifest file 'cart_follow.egg-info/SOURCES.txt'
[3.222s] running build_ext
[3.222s] Creating /home/pi/robot_project/robot_ws/install/cart_follow/lib/python3.12/site-packages/cart-follow.egg-link (link to .)
[3.223s] Installing follow_controller script to /home/pi/robot_project/robot_ws/install/cart_follow/lib/cart_follow
[3.223s] Installing imu_node script to /home/pi/robot_project/robot_ws/install/cart_follow/lib/cart_follow
[3.223s] Installing lidar_avoidance script to /home/pi/robot_project/robot_ws/install/cart_follow/lib/cart_follow
[3.224s] Installing motor_serial script to /home/pi/robot_project/robot_ws/install/cart_follow/lib/cart_follow
[3.224s] Installing uwb_tracker script to /home/pi/robot_project/robot_ws/install/cart_follow/lib/cart_follow
[3.224s] 
[3.224s] Installed /home/pi/robot_project/robot_ws/build/cart_follow
[3.224s] running symlink_data
[3.323s] Invoked command in '/home/pi/robot_project/robot_ws/build/cart_follow' returned '0': DEBUGINFOD_URLS=https://debuginfod.ubuntu.com PYTHONPATH=/home/pi/robot_project/robot_ws/build/cart_follow/prefix_override:/usr/lib/python3/dist-packages/colcon_core/task/python/colcon_distutils_commands:/home/pi/robot_project/robot_ws/install/cart_follow/lib/python3.12/site-packages:${PYTHONPATH} /usr/bin/python3 -W ignore:setup.py install is deprecated -W ignore:easy_install command is deprecated setup.py develop --editable --build-directory /home/pi/robot_project/robot_ws/build/cart_follow/build --no-deps symlink_data
