[0.501s] DEBUG:colcon:Command line arguments: ['/usr/bin/colcon', 'build', '--packages-select', 'cart_follow', '--symlink-install']
[0.502s] DEBUG:colcon:Parsed command line arguments: Namespace(log_base=None, log_level=None, verb_name='build', build_base='build', install_base='install', merge_install=False, symlink_install=True, test_result_base=None, continue_on_error=False, executor='parallel', parallel_workers=4, event_handlers=None, ignore_user_meta=False, metas=['./colcon.meta'], base_paths=['.'], packages_ignore=None, packages_ignore_regex=None, paths=None, packages_up_to=None, packages_up_to_regex=None, packages_above=None, packages_above_and_dependencies=None, packages_above_depth=None, packages_select_by_dep=None, packages_skip_by_dep=None, packages_skip_up_to=None, packages_select_build_failed=False, packages_skip_build_finished=False, packages_select_test_failures=False, packages_skip_test_passed=False, packages_select=['cart_follow'], packages_skip=None, packages_select_regex=None, packages_skip_regex=None, packages_start=None, packages_end=None, allow_overriding=[], cmake_args=None, cmake_target=None, cmake_target_skip_unavailable=False, cmake_clean_cache=False, cmake_clean_first=False, cmake_force_configure=False, ament_cmake_args=None, catkin_cmake_args=None, catkin_skip_building_tests=False, verb_parser=<colcon_defaults.argument_parser.defaults.DefaultArgumentsDecorator object at 0xffffb26c5340>, verb_extension=<colcon_core.verb.build.BuildVerb object at 0xffffb2876390>, main=<bound method BuildVerb.main of <colcon_core.verb.build.BuildVerb object at 0xffffb2876390>>)
[0.712s] Level 1:colcon.colcon_core.package_discovery:discover_packages(colcon_meta) check parameters
[0.712s] Level 1:colcon.colcon_core.package_discovery:discover_packages(recursive) check parameters
[0.712s] Level 1:colcon.colcon_core.package_discovery:discover_packages(ignore) check parameters
[0.713s] Level 1:colcon.colcon_core.package_discovery:discover_packages(path) check parameters
[0.713s] Level 1:colcon.colcon_core.package_discovery:discover_packages(colcon_meta) discover
[0.713s] Level 1:colcon.colcon_core.package_discovery:discover_packages(recursive) discover
[0.713s] INFO:colcon.colcon_core.package_discovery:Crawling recursively for packages in '/home/pi/robot_project/robot_ws'
[0.713s] Level 1:colcon.colcon_core.package_identification:_identify(.) by extensions ['ignore', 'ignore_ament_install']
[0.713s] Level 1:colcon.colcon_core.package_identification:_identify(.) by extension 'ignore'
[0.713s] Level 1:colcon.colcon_core.package_identification:_identify(.) by extension 'ignore_ament_install'
[0.713s] Level 1:colcon.colcon_core.package_identification:_identify(.) by extensions ['colcon_pkg']
[0.713s] Level 1:colcon.colcon_core.package_identification:_identify(.) by extension 'colcon_pkg'
[0.715s] Level 1:colcon.colcon_core.package_identification:_identify(.) by extensions ['colcon_meta']
[0.715s] Level 1:colcon.colcon_core.package_identification:_identify(.) by extension 'colcon_meta'
[0.715s] Level 1:colcon.colcon_core.package_identification:_identify(.) by extensions ['ros']
[0.715s] Level 1:colcon.colcon_core.package_identification:_identify(.) by extension 'ros'
[0.790s] Level 1:colcon.colcon_core.package_identification:_identify(.) by extensions ['cmake', 'python']
[0.790s] Level 1:colcon.colcon_core.package_identification:_identify(.) by extension 'cmake'
[0.790s] Level 1:colcon.colcon_core.package_identification:_identify(.) by extension 'python'
[0.790s] Level 1:colcon.colcon_core.package_identification:_identify(.) by extensions ['python_setup_py']
[0.790s] Level 1:colcon.colcon_core.package_identification:_identify(.) by extension 'python_setup_py'
[0.791s] Level 1:colcon.colcon_core.package_identification:_identify(build) by extensions ['ignore', 'ignore_ament_install']
[0.791s] Level 1:colcon.colcon_core.package_identification:_identify(build) by extension 'ignore'
[0.791s] Level 1:colcon.colcon_core.package_identification:_identify(build) ignored
[0.791s] Level 1:colcon.colcon_core.package_identification:_identify(install) by extensions ['ignore', 'ignore_ament_install']
[0.791s] Level 1:colcon.colcon_core.package_identification:_identify(install) by extension 'ignore'
[0.791s] Level 1:colcon.colcon_core.package_identification:_identify(install) ignored
[0.792s] Level 1:colcon.colcon_core.package_identification:_identify(log) by extensions ['ignore', 'ignore_ament_install']
[0.792s] Level 1:colcon.colcon_core.package_identification:_identify(log) by extension 'ignore'
[0.792s] Level 1:colcon.colcon_core.package_identification:_identify(log) ignored
[0.792s] Level 1:colcon.colcon_core.package_identification:_identify(src) by extensions ['ignore', 'ignore_ament_install']
[0.792s] Level 1:colcon.colcon_core.package_identification:_identify(src) by extension 'ignore'
[0.792s] Level 1:colcon.colcon_core.package_identification:_identify(src) by extension 'ignore_ament_install'
[0.792s] Level 1:colcon.colcon_core.package_identification:_identify(src) by extensions ['colcon_pkg']
[0.792s] Level 1:colcon.colcon_core.package_identification:_identify(src) by extension 'colcon_pkg'
[0.792s] Level 1:colcon.colcon_core.package_identification:_identify(src) by extensions ['colcon_meta']
[0.792s] Level 1:colcon.colcon_core.package_identification:_identify(src) by extension 'colcon_meta'
[0.792s] Level 1:colcon.colcon_core.package_identification:_identify(src) by extensions ['ros']
[0.792s] Level 1:colcon.colcon_core.package_identification:_identify(src) by extension 'ros'
[0.793s] Level 1:colcon.colcon_core.package_identification:_identify(src) by extensions ['cmake', 'python']
[0.793s] Level 1:colcon.colcon_core.package_identification:_identify(src) by extension 'cmake'
[0.793s] Level 1:colcon.colcon_core.package_identification:_identify(src) by extension 'python'
[0.793s] Level 1:colcon.colcon_core.package_identification:_identify(src) by extensions ['python_setup_py']
[0.793s] Level 1:colcon.colcon_core.package_identification:_identify(src) by extension 'python_setup_py'
[0.793s] Level 1:colcon.colcon_core.package_identification:_identify(src/cart_follow) by extensions ['ignore', 'ignore_ament_install']
[0.793s] Level 1:colcon.colcon_core.package_identification:_identify(src/cart_follow) by extension 'ignore'
[0.793s] Level 1:colcon.colcon_core.package_identification:_identify(src/cart_follow) by extension 'ignore_ament_install'
[0.793s] Level 1:colcon.colcon_core.package_identification:_identify(src/cart_follow) by extensions ['colcon_pkg']
[0.793s] Level 1:colcon.colcon_core.package_identification:_identify(src/cart_follow) by extension 'colcon_pkg'
[0.793s] Level 1:colcon.colcon_core.package_identification:_identify(src/cart_follow) by extensions ['colcon_meta']
[0.793s] Level 1:colcon.colcon_core.package_identification:_identify(src/cart_follow) by extension 'colcon_meta'
[0.794s] Level 1:colcon.colcon_core.package_identification:_identify(src/cart_follow) by extensions ['ros']
[0.794s] Level 1:colcon.colcon_core.package_identification:_identify(src/cart_follow) by extension 'ros'
[0.803s] DEBUG:colcon.colcon_core.package_identification:Package 'src/cart_follow' with type 'ros.ament_python' and name 'cart_follow'
[0.804s] Level 1:colcon.colcon_core.package_identification:_identify(src/ydlidar_ros2_driver_jazzy) by extensions ['ignore', 'ignore_ament_install']
[0.804s] Level 1:colcon.colcon_core.package_identification:_identify(src/ydlidar_ros2_driver_jazzy) by extension 'ignore'
[0.805s] Level 1:colcon.colcon_core.package_identification:_identify(src/ydlidar_ros2_driver_jazzy) by extension 'ignore_ament_install'
[0.805s] Level 1:colcon.colcon_core.package_identification:_identify(src/ydlidar_ros2_driver_jazzy) by extensions ['colcon_pkg']
[0.805s] Level 1:colcon.colcon_core.package_identification:_identify(src/ydlidar_ros2_driver_jazzy) by extension 'colcon_pkg'
[0.805s] Level 1:colcon.colcon_core.package_identification:_identify(src/ydlidar_ros2_driver_jazzy) by extensions ['colcon_meta']
[0.805s] Level 1:colcon.colcon_core.package_identification:_identify(src/ydlidar_ros2_driver_jazzy) by extension 'colcon_meta'
[0.805s] Level 1:colcon.colcon_core.package_identification:_identify(src/ydlidar_ros2_driver_jazzy) by extensions ['ros']
[0.805s] Level 1:colcon.colcon_core.package_identification:_identify(src/ydlidar_ros2_driver_jazzy) by extension 'ros'
[0.808s] DEBUG:colcon.colcon_core.package_identification:Package 'src/ydlidar_ros2_driver_jazzy' with type 'ros.ament_cmake' and name 'ydlidar_ros2_driver'
[0.808s] Level 1:colcon.colcon_core.package_discovery:discover_packages(recursive) using defaults
[0.808s] Level 1:colcon.colcon_core.package_discovery:discover_packages(ignore) discover
[0.809s] Level 1:colcon.colcon_core.package_discovery:discover_packages(ignore) using defaults
[0.809s] Level 1:colcon.colcon_core.package_discovery:discover_packages(path) discover
[0.809s] Level 1:colcon.colcon_core.package_discovery:discover_packages(path) using defaults
[0.867s] INFO:colcon.colcon_core.package_selection:Skipping not selected package 'ydlidar_ros2_driver' in 'src/ydlidar_ros2_driver_jazzy'
[0.869s] Level 1:colcon.colcon_core.package_discovery:discover_packages(prefix_path) check parameters
[0.869s] Level 1:colcon.colcon_core.package_discovery:discover_packages(prefix_path) discover
[0.879s] DEBUG:colcon.colcon_installed_package_information.package_discovery:Found 287 installed packages in /opt/ros/jazzy
[0.881s] Level 1:colcon.colcon_core.package_discovery:discover_packages(prefix_path) using defaults
[0.958s] Level 5:colcon.colcon_core.verb:set package 'cart_follow' build argument 'cmake_args' from command line to 'None'
[0.958s] Level 5:colcon.colcon_core.verb:set package 'cart_follow' build argument 'cmake_target' from command line to 'None'
[0.958s] Level 5:colcon.colcon_core.verb:set package 'cart_follow' build argument 'cmake_target_skip_unavailable' from command line to 'False'
[0.958s] Level 5:colcon.colcon_core.verb:set package 'cart_follow' build argument 'cmake_clean_cache' from command line to 'False'
[0.958s] Level 5:colcon.colcon_core.verb:set package 'cart_follow' build argument 'cmake_clean_first' from command line to 'False'
[0.958s] Level 5:colcon.colcon_core.verb:set package 'cart_follow' build argument 'cmake_force_configure' from command line to 'False'
[0.958s] Level 5:colcon.colcon_core.verb:set package 'cart_follow' build argument 'ament_cmake_args' from command line to 'None'
[0.958s] Level 5:colcon.colcon_core.verb:set package 'cart_follow' build argument 'catkin_cmake_args' from command line to 'None'
[0.958s] Level 5:colcon.colcon_core.verb:set package 'cart_follow' build argument 'catkin_skip_building_tests' from command line to 'False'
[0.958s] DEBUG:colcon.colcon_core.verb:Building package 'cart_follow' with the following arguments: {'ament_cmake_args': None, 'build_base': '/home/pi/robot_project/robot_ws/build/cart_follow', 'catkin_cmake_args': None, 'catkin_skip_building_tests': False, 'cmake_args': None, 'cmake_clean_cache': False, 'cmake_clean_first': False, 'cmake_force_configure': False, 'cmake_target': None, 'cmake_target_skip_unavailable': False, 'install_base': '/home/pi/robot_project/robot_ws/install/cart_follow', 'merge_install': False, 'path': '/home/pi/robot_project/robot_ws/src/cart_follow', 'symlink_install': True, 'test_result_base': None}
[0.959s] INFO:colcon.colcon_core.executor:Executing jobs using 'parallel' executor
[0.960s] DEBUG:colcon.colcon_parallel_executor.executor.parallel:run_until_complete
[0.960s] INFO:colcon.colcon_ros.task.ament_python.build:Building ROS package in '/home/pi/robot_project/robot_ws/src/cart_follow' with build type 'ament_python'
[0.960s] Level 1:colcon.colcon_core.shell:create_environment_hook('cart_follow', 'ament_prefix_path')
[0.969s] INFO:colcon.colcon_core.plugin_system:Skipping extension 'colcon_core.shell.bat': Not used on non-Windows systems
[0.970s] INFO:colcon.colcon_core.shell:Creating environment hook '/home/pi/robot_project/robot_ws/install/cart_follow/share/cart_follow/hook/ament_prefix_path.ps1'
[0.972s] INFO:colcon.colcon_core.shell:Creating environment descriptor '/home/pi/robot_project/robot_ws/install/cart_follow/share/cart_follow/hook/ament_prefix_path.dsv'
[0.973s] INFO:colcon.colcon_core.shell:Creating environment hook '/home/pi/robot_project/robot_ws/install/cart_follow/share/cart_follow/hook/ament_prefix_path.sh'
[0.975s] INFO:colcon.colcon_core.shell:Skip shell extension 'powershell' for command environment: Not usable outside of PowerShell
[0.975s] DEBUG:colcon.colcon_core.shell:Skip shell extension 'dsv' for command environment
[1.296s] INFO:colcon.colcon_core.task.python.build:Building Python package in '/home/pi/robot_project/robot_ws/src/cart_follow'
[1.296s] INFO:colcon.colcon_core.shell:Skip shell extension 'powershell' for command environment: Not usable outside of PowerShell
[1.297s] DEBUG:colcon.colcon_core.shell:Skip shell extension 'dsv' for command environment
[2.620s] DEBUG:colcon.colcon_core.task.python.build:Available setuptools commands: clean, build_ext, build_clib, build_scripts, upload, upload_docs, install_headers, check, install_lib, sdist, symlink_data, bdist_dumb, develop, update_catalog, rotate, egg_info, register, compile_catalog, test, setopt, alias, editable_wheel, bdist_rpm, saveopts, init_catalog, install, bdist, install_scripts, extract_messages, easy_install, build, bdist_egg, dist_info, install_data, bdist_wheel, build_py, install_egg_info
[3.087s] DEBUG:colcon.colcon_core.task.python.build:Available setuptools 'develop' options: --install-layout, --zip-ok, --site-dirs, --force-installation-into-system-dir, --script-dir, --multi-version, --prefix, --always-copy, --no-deps, --build-directory, --version, --uninstall, --optimize, --no-user-cfg, --no-find-links, --local-snapshots-ok, --verbose, --dry-run, --find-links, --exclude-scripts, --index-url, --egg-path, --upgrade, --quiet, --help, --install-dir, --editable, --allow-hosts, --record, --always-unzip, --user
[3.088s] DEBUG:colcon.colcon_core.event_handler.log_command:Invoking command in '/home/pi/robot_project/robot_ws/build/cart_follow': DEBUGINFOD_URLS=https://debuginfod.ubuntu.com PYTHONPATH=/home/pi/robot_project/robot_ws/build/cart_follow/prefix_override:/usr/lib/python3/dist-packages/colcon_core/task/python/colcon_distutils_commands:/home/pi/robot_project/robot_ws/install/cart_follow/lib/python3.12/site-packages:${PYTHONPATH} VIRTUAL_ENV_PROMPT=(venv) /usr/bin/python3 -W ignore:setup.py install is deprecated -W ignore:easy_install command is deprecated setup.py develop --editable --build-directory /home/pi/robot_project/robot_ws/build/cart_follow/build --no-deps symlink_data
[3.977s] Level 1:colcon.colcon_core.shell:create_environment_hook('cart_follow', 'pythonpath_develop')
[3.978s] INFO:colcon.colcon_core.shell:Creating environment hook '/home/pi/robot_project/robot_ws/build/cart_follow/share/cart_follow/hook/pythonpath_develop.ps1'
[3.978s] DEBUG:colcon.colcon_core.event_handler.log_command:Invoked command in '/home/pi/robot_project/robot_ws/build/cart_follow' returned '0': DEBUGINFOD_URLS=https://debuginfod.ubuntu.com PYTHONPATH=/home/pi/robot_project/robot_ws/build/cart_follow/prefix_override:/usr/lib/python3/dist-packages/colcon_core/task/python/colcon_distutils_commands:/home/pi/robot_project/robot_ws/install/cart_follow/lib/python3.12/site-packages:${PYTHONPATH} VIRTUAL_ENV_PROMPT=(venv) /usr/bin/python3 -W ignore:setup.py install is deprecated -W ignore:easy_install command is deprecated setup.py develop --editable --build-directory /home/pi/robot_project/robot_ws/build/cart_follow/build --no-deps symlink_data
[3.979s] INFO:colcon.colcon_core.shell:Creating environment descriptor '/home/pi/robot_project/robot_ws/build/cart_follow/share/cart_follow/hook/pythonpath_develop.dsv'
[3.980s] INFO:colcon.colcon_core.shell:Creating environment hook '/home/pi/robot_project/robot_ws/build/cart_follow/share/cart_follow/hook/pythonpath_develop.sh'
[3.991s] Level 1:colcon.colcon_core.environment:checking '/home/pi/robot_project/robot_ws/install/cart_follow' for CMake module files
[3.992s] Level 1:colcon.colcon_core.environment:checking '/home/pi/robot_project/robot_ws/install/cart_follow' for CMake config files
[3.993s] Level 1:colcon.colcon_core.environment:checking '/home/pi/robot_project/robot_ws/install/cart_follow/lib'
[3.993s] Level 1:colcon.colcon_core.environment:checking '/home/pi/robot_project/robot_ws/install/cart_follow/bin'
[3.993s] Level 1:colcon.colcon_core.environment:checking '/home/pi/robot_project/robot_ws/install/cart_follow/lib/pkgconfig/cart_follow.pc'
[3.993s] Level 1:colcon.colcon_core.environment:checking '/home/pi/robot_project/robot_ws/install/cart_follow/lib/python3.12/site-packages'
[3.994s] Level 1:colcon.colcon_core.shell:create_environment_hook('cart_follow', 'pythonpath')
[3.994s] INFO:colcon.colcon_core.shell:Creating environment hook '/home/pi/robot_project/robot_ws/install/cart_follow/share/cart_follow/hook/pythonpath.ps1'
[3.995s] INFO:colcon.colcon_core.shell:Creating environment descriptor '/home/pi/robot_project/robot_ws/install/cart_follow/share/cart_follow/hook/pythonpath.dsv'
[3.995s] INFO:colcon.colcon_core.shell:Creating environment hook '/home/pi/robot_project/robot_ws/install/cart_follow/share/cart_follow/hook/pythonpath.sh'
[3.997s] Level 1:colcon.colcon_core.environment:checking '/home/pi/robot_project/robot_ws/install/cart_follow/bin'
[3.997s] Level 1:colcon.colcon_core.environment:create_environment_scripts_only(cart_follow)
[3.997s] INFO:colcon.colcon_core.shell:Creating package script '/home/pi/robot_project/robot_ws/install/cart_follow/share/cart_follow/package.ps1'
[3.999s] INFO:colcon.colcon_core.shell:Creating package descriptor '/home/pi/robot_project/robot_ws/install/cart_follow/share/cart_follow/package.dsv'
[4.001s] INFO:colcon.colcon_core.shell:Creating package script '/home/pi/robot_project/robot_ws/install/cart_follow/share/cart_follow/package.sh'
[4.004s] INFO:colcon.colcon_core.shell:Creating package script '/home/pi/robot_project/robot_ws/install/cart_follow/share/cart_follow/package.bash'
[4.006s] INFO:colcon.colcon_core.shell:Creating package script '/home/pi/robot_project/robot_ws/install/cart_follow/share/cart_follow/package.zsh'
[4.008s] Level 1:colcon.colcon_core.environment:create_file_with_runtime_dependencies(/home/pi/robot_project/robot_ws/install/cart_follow/share/colcon-core/packages/cart_follow)
[4.009s] DEBUG:colcon.colcon_parallel_executor.executor.parallel:closing loop
[4.010s] DEBUG:colcon.colcon_parallel_executor.executor.parallel:loop closed
[4.010s] DEBUG:colcon.colcon_parallel_executor.executor.parallel:run_until_complete finished with '0'
[4.010s] DEBUG:colcon.colcon_core.event_reactor:joining thread
[4.011s] DEBUG:colcon.colcon_core.event_reactor:joined thread
[4.011s] INFO:colcon.colcon_core.shell:Creating prefix script '/home/pi/robot_project/robot_ws/install/local_setup.ps1'
[4.013s] INFO:colcon.colcon_core.shell:Creating prefix util module '/home/pi/robot_project/robot_ws/install/_local_setup_util_ps1.py'
[4.017s] INFO:colcon.colcon_core.shell:Creating prefix chain script '/home/pi/robot_project/robot_ws/install/setup.ps1'
[4.019s] INFO:colcon.colcon_core.shell:Creating prefix script '/home/pi/robot_project/robot_ws/install/local_setup.sh'
[4.022s] INFO:colcon.colcon_core.shell:Creating prefix util module '/home/pi/robot_project/robot_ws/install/_local_setup_util_sh.py'
[4.022s] INFO:colcon.colcon_core.shell:Creating prefix chain script '/home/pi/robot_project/robot_ws/install/setup.sh'
[4.024s] INFO:colcon.colcon_core.shell:Creating prefix script '/home/pi/robot_project/robot_ws/install/local_setup.bash'
[4.026s] INFO:colcon.colcon_core.shell:Creating prefix chain script '/home/pi/robot_project/robot_ws/install/setup.bash'
[4.028s] INFO:colcon.colcon_core.shell:Creating prefix script '/home/pi/robot_project/robot_ws/install/local_setup.zsh'
[4.030s] INFO:colcon.colcon_core.shell:Creating prefix chain script '/home/pi/robot_project/robot_ws/install/setup.zsh'
