[1.654s] Invoking command in '/home/pi/robot_project/robot_ws/build/cart_follow': DEBUGINFOD_URLS=https://debuginfod.ubuntu.com PYTHONPATH=/home/pi/robot_project/robot_ws/build/cart_follow/prefix_override:/usr/lib/python3/dist-packages/colcon_core/task/python/colcon_distutils_commands:/home/pi/robot_project/robot_ws/install/cart_follow/lib/python3.12/site-packages:${PYTHONPATH} /usr/bin/python3 -W ignore:setup.py install is deprecated -W ignore:easy_install command is deprecated setup.py develop --editable --build-directory /home/pi/robot_project/robot_ws/build/cart_follow/build --no-deps symlink_data
[2.091s] running develop
[2.346s] running egg_info
[2.346s] creating cart_follow.egg-info
[2.369s] writing cart_follow.egg-info/PKG-INFO
[2.370s] writing dependency_links to cart_follow.egg-info/dependency_links.txt
[2.370s] writing entry points to cart_follow.egg-info/entry_points.txt
[2.370s] writing requirements to cart_follow.egg-info/requires.txt
[2.370s] writing top-level names to cart_follow.egg-info/top_level.txt
[2.370s] writing manifest file 'cart_follow.egg-info/SOURCES.txt'
[2.421s] reading manifest file 'cart_follow.egg-info/SOURCES.txt'
[2.421s] writing manifest file 'cart_follow.egg-info/SOURCES.txt'
[2.447s] running build_ext
[2.447s] Creating /home/pi/robot_project/robot_ws/install/cart_follow/lib/python3.12/site-packages/cart-follow.egg-link (link to .)
[2.448s] Installing follow_controller script to /home/pi/robot_project/robot_ws/install/cart_follow/lib/cart_follow
[2.448s] Installing lidar_avoidance script to /home/pi/robot_project/robot_ws/install/cart_follow/lib/cart_follow
[2.448s] Installing motor_serial script to /home/pi/robot_project/robot_ws/install/cart_follow/lib/cart_follow
[2.449s] Installing uwb_tracker script to /home/pi/robot_project/robot_ws/install/cart_follow/lib/cart_follow
[2.449s] 
[2.449s] Installed /home/pi/robot_project/robot_ws/build/cart_follow
[2.449s] running symlink_data
[2.449s] creating /home/pi/robot_project/robot_ws/install/cart_follow/share/ament_index
[2.449s] creating /home/pi/robot_project/robot_ws/install/cart_follow/share/ament_index/resource_index
[2.449s] creating /home/pi/robot_project/robot_ws/install/cart_follow/share/ament_index/resource_index/packages
[2.450s] symbolically linking /home/pi/robot_project/robot_ws/build/cart_follow/resource/cart_follow -> /home/pi/robot_project/robot_ws/install/cart_follow/share/ament_index/resource_index/packages
[2.450s] symbolically linking /home/pi/robot_project/robot_ws/build/cart_follow/package.xml -> /home/pi/robot_project/robot_ws/install/cart_follow/share/cart_follow
[2.543s] Invoked command in '/home/pi/robot_project/robot_ws/build/cart_follow' returned '0': DEBUGINFOD_URLS=https://debuginfod.ubuntu.com PYTHONPATH=/home/pi/robot_project/robot_ws/build/cart_follow/prefix_override:/usr/lib/python3/dist-packages/colcon_core/task/python/colcon_distutils_commands:/home/pi/robot_project/robot_ws/install/cart_follow/lib/python3.12/site-packages:${PYTHONPATH} /usr/bin/python3 -W ignore:setup.py install is deprecated -W ignore:easy_install command is deprecated setup.py develop --editable --build-directory /home/pi/robot_project/robot_ws/build/cart_follow/build --no-deps symlink_data
