[0.016s] Invoking command in '/home/pi/robot_project/robot_ws/build/ydlidar_ros2_driver': CMAKE_PREFIX_PATH=${CMAKE_PREFIX_PATH}:/home/pi/robot_project/robot_ws/install/cart_follow:/opt/ros/jazzy DEBUGINFOD_URLS=https://debuginfod.ubuntu.com /usr/bin/cmake --build /home/pi/robot_project/robot_ws/build/ydlidar_ros2_driver -- -j4 -l4
[0.122s] [100%] Built target ydlidar_ros2_driver_client
[0.123s] [100%] Built target ydlidar_ros2_driver_node
[0.141s] Invoked command in '/home/pi/robot_project/robot_ws/build/ydlidar_ros2_driver' returned '0': CMAKE_PREFIX_PATH=${CMAKE_PREFIX_PATH}:/home/pi/robot_project/robot_ws/install/cart_follow:/opt/ros/jazzy DEBUGINFOD_URLS=https://debuginfod.ubuntu.com /usr/bin/cmake --build /home/pi/robot_project/robot_ws/build/ydlidar_ros2_driver -- -j4 -l4
[0.160s] Invoking command in '/home/pi/robot_project/robot_ws/build/ydlidar_ros2_driver': CMAKE_PREFIX_PATH=${CMAKE_PREFIX_PATH}:/home/pi/robot_project/robot_ws/install/cart_follow:/opt/ros/jazzy DEBUGINFOD_URLS=https://debuginfod.ubuntu.com /usr/bin/cmake --install /home/pi/robot_project/robot_ws/build/ydlidar_ros2_driver
[0.174s] -- Install configuration: ""
[0.175s] -- Up-to-date: /home/pi/robot_project/robot_ws/install/ydlidar_ros2_driver/lib/ydlidar_ros2_driver/ydlidar_ros2_driver_node
[0.176s] -- Up-to-date: /home/pi/robot_project/robot_ws/install/ydlidar_ros2_driver/lib/ydlidar_ros2_driver/ydlidar_ros2_driver_client
[0.176s] -- Up-to-date: /home/pi/robot_project/robot_ws/install/ydlidar_ros2_driver/share/ydlidar_ros2_driver/launch
[0.177s] -- Up-to-date: /home/pi/robot_project/robot_ws/install/ydlidar_ros2_driver/share/ydlidar_ros2_driver/launch/ydlidar_launch.py
[0.177s] -- Up-to-date: /home/pi/robot_project/robot_ws/install/ydlidar_ros2_driver/share/ydlidar_ros2_driver/launch/ydlidar_launch_view.py
[0.177s] -- Up-to-date: /home/pi/robot_project/robot_ws/install/ydlidar_ros2_driver/share/ydlidar_ros2_driver/launch/ydlidar.py
[0.177s] -- Up-to-date: /home/pi/robot_project/robot_ws/install/ydlidar_ros2_driver/share/ydlidar_ros2_driver/params
[0.177s] -- Up-to-date: /home/pi/robot_project/robot_ws/install/ydlidar_ros2_driver/share/ydlidar_ros2_driver/params/X2.yaml
[0.177s] -- Up-to-date: /home/pi/robot_project/robot_ws/install/ydlidar_ros2_driver/share/ydlidar_ros2_driver/params/X4-Pro.yaml
[0.178s] -- Up-to-date: /home/pi/robot_project/robot_ws/install/ydlidar_ros2_driver/share/ydlidar_ros2_driver/params/G1.yaml
[0.178s] -- Up-to-date: /home/pi/robot_project/robot_ws/install/ydlidar_ros2_driver/share/ydlidar_ros2_driver/params/GS2.yaml
[0.179s] -- Up-to-date: /home/pi/robot_project/robot_ws/install/ydlidar_ros2_driver/share/ydlidar_ros2_driver/params/TminiPro.yaml
[0.179s] -- Up-to-date: /home/pi/robot_project/robot_ws/install/ydlidar_ros2_driver/share/ydlidar_ros2_driver/params/G2.yaml
[0.179s] -- Up-to-date: /home/pi/robot_project/robot_ws/install/ydlidar_ros2_driver/share/ydlidar_ros2_driver/params/TEA.yaml
[0.179s] -- Up-to-date: /home/pi/robot_project/robot_ws/install/ydlidar_ros2_driver/share/ydlidar_ros2_driver/params/TG.yaml
[0.179s] -- Up-to-date: /home/pi/robot_project/robot_ws/install/ydlidar_ros2_driver/share/ydlidar_ros2_driver/params/X4.yaml
[0.179s] -- Installing: /home/pi/robot_project/robot_ws/install/ydlidar_ros2_driver/share/ydlidar_ros2_driver/params/ydlidar.yaml
[0.181s] -- Up-to-date: /home/pi/robot_project/robot_ws/install/ydlidar_ros2_driver/share/ydlidar_ros2_driver/params/G6.yaml
[0.181s] -- Up-to-date: /home/pi/robot_project/robot_ws/install/ydlidar_ros2_driver/share/ydlidar_ros2_driver/startup
[0.181s] -- Up-to-date: /home/pi/robot_project/robot_ws/install/ydlidar_ros2_driver/share/ydlidar_ros2_driver/startup/initenv.sh
[0.181s] -- Up-to-date: /home/pi/robot_project/robot_ws/install/ydlidar_ros2_driver/share/ydlidar_ros2_driver/config
[0.181s] -- Up-to-date: /home/pi/robot_project/robot_ws/install/ydlidar_ros2_driver/share/ydlidar_ros2_driver/config/ydlidar.rviz
[0.181s] -- Up-to-date: /home/pi/robot_project/robot_ws/install/ydlidar_ros2_driver/share/ament_index/resource_index/package_run_dependencies/ydlidar_ros2_driver
[0.181s] -- Up-to-date: /home/pi/robot_project/robot_ws/install/ydlidar_ros2_driver/share/ament_index/resource_index/parent_prefix_path/ydlidar_ros2_driver
[0.181s] -- Up-to-date: /home/pi/robot_project/robot_ws/install/ydlidar_ros2_driver/share/ydlidar_ros2_driver/environment/ament_prefix_path.sh
[0.181s] -- Up-to-date: /home/pi/robot_project/robot_ws/install/ydlidar_ros2_driver/share/ydlidar_ros2_driver/environment/ament_prefix_path.dsv
[0.181s] -- Up-to-date: /home/pi/robot_project/robot_ws/install/ydlidar_ros2_driver/share/ydlidar_ros2_driver/environment/path.sh
[0.182s] -- Up-to-date: /home/pi/robot_project/robot_ws/install/ydlidar_ros2_driver/share/ydlidar_ros2_driver/environment/path.dsv
[0.182s] -- Up-to-date: /home/pi/robot_project/robot_ws/install/ydlidar_ros2_driver/share/ydlidar_ros2_driver/local_setup.bash
[0.182s] -- Up-to-date: /home/pi/robot_project/robot_ws/install/ydlidar_ros2_driver/share/ydlidar_ros2_driver/local_setup.sh
[0.182s] -- Up-to-date: /home/pi/robot_project/robot_ws/install/ydlidar_ros2_driver/share/ydlidar_ros2_driver/local_setup.zsh
[0.182s] -- Up-to-date: /home/pi/robot_project/robot_ws/install/ydlidar_ros2_driver/share/ydlidar_ros2_driver/local_setup.dsv
[0.182s] -- Installing: /home/pi/robot_project/robot_ws/install/ydlidar_ros2_driver/share/ydlidar_ros2_driver/package.dsv
[0.186s] -- Up-to-date: /home/pi/robot_project/robot_ws/install/ydlidar_ros2_driver/share/ament_index/resource_index/packages/ydlidar_ros2_driver
[0.186s] -- Up-to-date: /home/pi/robot_project/robot_ws/install/ydlidar_ros2_driver/share/ydlidar_ros2_driver/cmake/ydlidar_ros2_driverConfig.cmake
[0.186s] -- Up-to-date: /home/pi/robot_project/robot_ws/install/ydlidar_ros2_driver/share/ydlidar_ros2_driver/cmake/ydlidar_ros2_driverConfig-version.cmake
[0.186s] -- Up-to-date: /home/pi/robot_project/robot_ws/install/ydlidar_ros2_driver/share/ydlidar_ros2_driver/package.xml
[0.188s] Invoked command in '/home/pi/robot_project/robot_ws/build/ydlidar_ros2_driver' returned '0': CMAKE_PREFIX_PATH=${CMAKE_PREFIX_PATH}:/home/pi/robot_project/robot_ws/install/cart_follow:/opt/ros/jazzy DEBUGINFOD_URLS=https://debuginfod.ubuntu.com /usr/bin/cmake --install /home/pi/robot_project/robot_ws/build/ydlidar_ros2_driver
