[1.589s] Invoking command in '/home/pi/robot_project/robot_ws/src/cart_follow': DEBUGINFOD_URLS=https://debuginfod.ubuntu.com PYTHONPATH=/home/pi/robot_project/robot_ws/build/cart_follow/prefix_override:/usr/lib/python3/dist-packages/colcon_core/task/python/colcon_distutils_commands:/home/pi/robot_project/robot_ws/install/cart_follow/lib/python3.12/site-packages:${PYTHONPATH} VIRTUAL_ENV_PROMPT=(venv) /usr/bin/python3 -W ignore:setup.py install is deprecated -W ignore:easy_install command is deprecated setup.py egg_info --egg-base ../../build/cart_follow build --build-base /home/pi/robot_project/robot_ws/build/cart_follow/build install --record /home/pi/robot_project/robot_ws/build/cart_follow/install.log --install-scripts $base/lib/cart_follow --single-version-externally-managed install_data
[1.940s] running egg_info
[1.964s] writing ../../build/cart_follow/cart_follow.egg-info/PKG-INFO
[1.965s] writing dependency_links to ../../build/cart_follow/cart_follow.egg-info/dependency_links.txt
[1.967s] writing entry points to ../../build/cart_follow/cart_follow.egg-info/entry_points.txt
[1.967s] writing requirements to ../../build/cart_follow/cart_follow.egg-info/requires.txt
[1.968s] writing top-level names to ../../build/cart_follow/cart_follow.egg-info/top_level.txt
[2.019s] reading manifest file '../../build/cart_follow/cart_follow.egg-info/SOURCES.txt'
[2.021s] writing manifest file '../../build/cart_follow/cart_follow.egg-info/SOURCES.txt'
[2.021s] running build
[2.021s] running build_py
[2.021s] copying cart_follow/lidar_avoid.py -> /home/pi/robot_project/robot_ws/build/cart_follow/build/lib/cart_follow
[2.022s] copying cart_follow/uwb_tracker.py -> /home/pi/robot_project/robot_ws/build/cart_follow/build/lib/cart_follow
[2.022s] copying cart_follow/motor_serial.py -> /home/pi/robot_project/robot_ws/build/cart_follow/build/lib/cart_follow
[2.022s] copying cart_follow/follow_controller.py -> /home/pi/robot_project/robot_ws/build/cart_follow/build/lib/cart_follow
[2.023s] running install
[2.032s] running install_lib
[2.057s] copying /home/pi/robot_project/robot_ws/build/cart_follow/build/lib/cart_follow/lidar_avoid.py -> /home/pi/robot_project/robot_ws/install/cart_follow/lib/python3.12/site-packages/cart_follow
[2.057s] copying /home/pi/robot_project/robot_ws/build/cart_follow/build/lib/cart_follow/uwb_tracker.py -> /home/pi/robot_project/robot_ws/install/cart_follow/lib/python3.12/site-packages/cart_follow
[2.058s] copying /home/pi/robot_project/robot_ws/build/cart_follow/build/lib/cart_follow/motor_serial.py -> /home/pi/robot_project/robot_ws/install/cart_follow/lib/python3.12/site-packages/cart_follow
[2.058s] copying /home/pi/robot_project/robot_ws/build/cart_follow/build/lib/cart_follow/follow_controller.py -> /home/pi/robot_project/robot_ws/install/cart_follow/lib/python3.12/site-packages/cart_follow
[2.059s] byte-compiling /home/pi/robot_project/robot_ws/install/cart_follow/lib/python3.12/site-packages/cart_follow/lidar_avoid.py to lidar_avoid.cpython-312.pyc
[2.062s] byte-compiling /home/pi/robot_project/robot_ws/install/cart_follow/lib/python3.12/site-packages/cart_follow/uwb_tracker.py to uwb_tracker.cpython-312.pyc
[2.064s] byte-compiling /home/pi/robot_project/robot_ws/install/cart_follow/lib/python3.12/site-packages/cart_follow/motor_serial.py to motor_serial.cpython-312.pyc
[2.066s] byte-compiling /home/pi/robot_project/robot_ws/install/cart_follow/lib/python3.12/site-packages/cart_follow/follow_controller.py to follow_controller.cpython-312.pyc
[2.069s] running install_data
[2.069s] copying package.xml -> /home/pi/robot_project/robot_ws/install/cart_follow/share/cart_follow
[2.069s] running install_egg_info
[2.096s] removing '/home/pi/robot_project/robot_ws/install/cart_follow/lib/python3.12/site-packages/cart_follow-0.0.0-py3.12.egg-info' (and everything under it)
[2.096s] Copying ../../build/cart_follow/cart_follow.egg-info to /home/pi/robot_project/robot_ws/install/cart_follow/lib/python3.12/site-packages/cart_follow-0.0.0-py3.12.egg-info
[2.098s] running install_scripts
[2.284s] Installing follow_controller script to /home/pi/robot_project/robot_ws/install/cart_follow/lib/cart_follow
[2.285s] Installing lidar_avoidance script to /home/pi/robot_project/robot_ws/install/cart_follow/lib/cart_follow
[2.285s] Installing motor_serial script to /home/pi/robot_project/robot_ws/install/cart_follow/lib/cart_follow
[2.286s] Installing uwb_tracker script to /home/pi/robot_project/robot_ws/install/cart_follow/lib/cart_follow
[2.287s] writing list of installed files to '/home/pi/robot_project/robot_ws/build/cart_follow/install.log'
[2.365s] Invoked command in '/home/pi/robot_project/robot_ws/src/cart_follow' returned '0': DEBUGINFOD_URLS=https://debuginfod.ubuntu.com PYTHONPATH=/home/pi/robot_project/robot_ws/build/cart_follow/prefix_override:/usr/lib/python3/dist-packages/colcon_core/task/python/colcon_distutils_commands:/home/pi/robot_project/robot_ws/install/cart_follow/lib/python3.12/site-packages:${PYTHONPATH} VIRTUAL_ENV_PROMPT=(venv) /usr/bin/python3 -W ignore:setup.py install is deprecated -W ignore:easy_install command is deprecated setup.py egg_info --egg-base ../../build/cart_follow build --build-base /home/pi/robot_project/robot_ws/build/cart_follow/build install --record /home/pi/robot_project/robot_ws/build/cart_follow/install.log --install-scripts $base/lib/cart_follow --single-version-externally-managed install_data
