[1.638s] Invoking command in '/home/pi/robot_project/robot_ws/build/cart_follow': DEBUGINFOD_URLS=https://debuginfod.ubuntu.com PYTHONPATH=/home/pi/robot_project/robot_ws/build/cart_follow/prefix_override:/usr/lib/python3/dist-packages/colcon_core/task/python/colcon_distutils_commands:/home/pi/robot_project/robot_ws/install/cart_follow/lib/python3.12/site-packages:${PYTHONPATH} /usr/bin/python3 -W ignore:setup.py install is deprecated -W ignore:easy_install command is deprecated setup.py develop --editable --build-directory /home/pi/robot_project/robot_ws/build/cart_follow/build --no-deps symlink_data
[2.065s] running develop
[2.326s] running egg_info
[2.352s] writing cart_follow.egg-info/PKG-INFO
[2.353s] writing dependency_links to cart_follow.egg-info/dependency_links.txt
[2.355s] writing entry points to cart_follow.egg-info/entry_points.txt
[2.356s] writing requirements to cart_follow.egg-info/requires.txt
[2.356s] writing top-level names to cart_follow.egg-info/top_level.txt
[2.411s] reading manifest file 'cart_follow.egg-info/SOURCES.txt'
[2.412s] writing manifest file 'cart_follow.egg-info/SOURCES.txt'
[2.438s] running build_ext
[2.438s] Creating /home/pi/robot_project/robot_ws/install/cart_follow/lib/python3.12/site-packages/cart-follow.egg-link (link to .)
[2.439s] Installing follow_controller script to /home/pi/robot_project/robot_ws/install/cart_follow/lib/cart_follow
[2.439s] Installing imu_node script to /home/pi/robot_project/robot_ws/install/cart_follow/lib/cart_follow
[2.439s] Installing lidar_avoidance script to /home/pi/robot_project/robot_ws/install/cart_follow/lib/cart_follow
[2.439s] Installing motor_serial script to /home/pi/robot_project/robot_ws/install/cart_follow/lib/cart_follow
[2.439s] Installing uwb_tracker script to /home/pi/robot_project/robot_ws/install/cart_follow/lib/cart_follow
[2.440s] 
[2.440s] Installed /home/pi/robot_project/robot_ws/build/cart_follow
[2.440s] running symlink_data
[2.527s] Invoked command in '/home/pi/robot_project/robot_ws/build/cart_follow' returned '0': DEBUGINFOD_URLS=https://debuginfod.ubuntu.com PYTHONPATH=/home/pi/robot_project/robot_ws/build/cart_follow/prefix_override:/usr/lib/python3/dist-packages/colcon_core/task/python/colcon_distutils_commands:/home/pi/robot_project/robot_ws/install/cart_follow/lib/python3.12/site-packages:${PYTHONPATH} /usr/bin/python3 -W ignore:setup.py install is deprecated -W ignore:easy_install command is deprecated setup.py develop --editable --build-directory /home/pi/robot_project/robot_ws/build/cart_follow/build --no-deps symlink_data
