[2.279s] Invoking command in '/home/pi/robot_project/robot_ws/build/cart_follow': DEBUGINFOD_URLS=https://debuginfod.ubuntu.com PYTHONPATH=/home/pi/robot_project/robot_ws/build/cart_follow/prefix_override:/usr/lib/python3/dist-packages/colcon_core/task/python/colcon_distutils_commands:/home/pi/robot_project/robot_ws/install/cart_follow/lib/python3.12/site-packages:${PYTHONPATH} /usr/bin/python3 -W ignore:setup.py install is deprecated -W ignore:easy_install command is deprecated setup.py develop --editable --build-directory /home/pi/robot_project/robot_ws/build/cart_follow/build --no-deps symlink_data
[2.739s] running develop
[3.006s] running egg_info
[3.030s] writing cart_follow.egg-info/PKG-INFO
[3.030s] writing dependency_links to cart_follow.egg-info/dependency_links.txt
[3.032s] writing entry points to cart_follow.egg-info/entry_points.txt
[3.032s] writing requirements to cart_follow.egg-info/requires.txt
[3.033s] writing top-level names to cart_follow.egg-info/top_level.txt
[3.083s] reading manifest file 'cart_follow.egg-info/SOURCES.txt'
[3.086s] writing manifest file 'cart_follow.egg-info/SOURCES.txt'
[3.112s] running build_ext
[3.112s] Creating /home/pi/robot_project/robot_ws/install/cart_follow/lib/python3.12/site-packages/cart-follow.egg-link (link to .)
[3.113s] Installing follow_controller script to /home/pi/robot_project/robot_ws/install/cart_follow/lib/cart_follow
[3.113s] Installing imu_node script to /home/pi/robot_project/robot_ws/install/cart_follow/lib/cart_follow
[3.114s] Installing lidar_avoidance script to /home/pi/robot_project/robot_ws/install/cart_follow/lib/cart_follow
[3.114s] Installing motor_serial script to /home/pi/robot_project/robot_ws/install/cart_follow/lib/cart_follow
[3.114s] Installing uwb_tracker script to /home/pi/robot_project/robot_ws/install/cart_follow/lib/cart_follow
[3.114s] 
[3.114s] Installed /home/pi/robot_project/robot_ws/build/cart_follow
[3.115s] running symlink_data
[3.204s] Invoked command in '/home/pi/robot_project/robot_ws/build/cart_follow' returned '0': DEBUGINFOD_URLS=https://debuginfod.ubuntu.com PYTHONPATH=/home/pi/robot_project/robot_ws/build/cart_follow/prefix_override:/usr/lib/python3/dist-packages/colcon_core/task/python/colcon_distutils_commands:/home/pi/robot_project/robot_ws/install/cart_follow/lib/python3.12/site-packages:${PYTHONPATH} /usr/bin/python3 -W ignore:setup.py install is deprecated -W ignore:easy_install command is deprecated setup.py develop --editable --build-directory /home/pi/robot_project/robot_ws/build/cart_follow/build --no-deps symlink_data
