[1.759s] Invoking command in '/home/pi/robot_project/robot_ws/build/cart_follow': DEBUGINFOD_URLS=https://debuginfod.ubuntu.com PYTHONPATH=/home/pi/robot_project/robot_ws/build/cart_follow/prefix_override:/usr/lib/python3/dist-packages/colcon_core/task/python/colcon_distutils_commands:/home/pi/robot_project/robot_ws/install/cart_follow/lib/python3.12/site-packages:${PYTHONPATH} /usr/bin/python3 -W ignore:setup.py install is deprecated -W ignore:easy_install command is deprecated setup.py develop --editable --build-directory /home/pi/robot_project/robot_ws/build/cart_follow/build --no-deps symlink_data
[2.203s] running develop
[2.467s] running egg_info
[2.493s] writing cart_follow.egg-info/PKG-INFO
[2.494s] writing dependency_links to cart_follow.egg-info/dependency_links.txt
[2.496s] writing entry points to cart_follow.egg-info/entry_points.txt
[2.496s] writing requirements to cart_follow.egg-info/requires.txt
[2.497s] writing top-level names to cart_follow.egg-info/top_level.txt
[2.549s] reading manifest file 'cart_follow.egg-info/SOURCES.txt'
[2.550s] writing manifest file 'cart_follow.egg-info/SOURCES.txt'
[2.577s] running build_ext
[2.577s] Creating /home/pi/robot_project/robot_ws/install/cart_follow/lib/python3.12/site-packages/cart-follow.egg-link (link to .)
[2.578s] Installing follow_controller script to /home/pi/robot_project/robot_ws/install/cart_follow/lib/cart_follow
[2.578s] Installing imu_node script to /home/pi/robot_project/robot_ws/install/cart_follow/lib/cart_follow
[2.578s] Installing lidar_avoidance script to /home/pi/robot_project/robot_ws/install/cart_follow/lib/cart_follow
[2.579s] Installing motor_serial script to /home/pi/robot_project/robot_ws/install/cart_follow/lib/cart_follow
[2.579s] Installing uwb_tracker script to /home/pi/robot_project/robot_ws/install/cart_follow/lib/cart_follow
[2.579s] 
[2.579s] Installed /home/pi/robot_project/robot_ws/build/cart_follow
[2.579s] running symlink_data
[2.689s] Invoked command in '/home/pi/robot_project/robot_ws/build/cart_follow' returned '0': DEBUGINFOD_URLS=https://debuginfod.ubuntu.com PYTHONPATH=/home/pi/robot_project/robot_ws/build/cart_follow/prefix_override:/usr/lib/python3/dist-packages/colcon_core/task/python/colcon_distutils_commands:/home/pi/robot_project/robot_ws/install/cart_follow/lib/python3.12/site-packages:${PYTHONPATH} /usr/bin/python3 -W ignore:setup.py install is deprecated -W ignore:easy_install command is deprecated setup.py develop --editable --build-directory /home/pi/robot_project/robot_ws/build/cart_follow/build --no-deps symlink_data
