[0.150s] DEBUG:colcon:Command line arguments: ['/usr/bin/colcon', 'build', '--packages-select', 'cart_follow', '--symlink-install']
[0.151s] DEBUG:colcon:Parsed command line arguments: Namespace(log_base=None, log_level=None, verb_name='build', build_base='build', install_base='install', merge_install=False, symlink_install=True, test_result_base=None, continue_on_error=False, executor='parallel', parallel_workers=4, event_handlers=None, ignore_user_meta=False, metas=['./colcon.meta'], base_paths=['.'], packages_ignore=None, packages_ignore_regex=None, paths=None, packages_up_to=None, packages_up_to_regex=None, packages_above=None, packages_above_and_dependencies=None, packages_above_depth=None, packages_select_by_dep=None, packages_skip_by_dep=None, packages_skip_up_to=None, packages_select_build_failed=False, packages_skip_build_finished=False, packages_select_test_failures=False, packages_skip_test_passed=False, packages_select=['cart_follow'], packages_skip=None, packages_select_regex=None, packages_skip_regex=None, packages_start=None, packages_end=None, allow_overriding=[], cmake_args=None, cmake_target=None, cmake_target_skip_unavailable=False, cmake_clean_cache=False, cmake_clean_first=False, cmake_force_configure=False, ament_cmake_args=None, catkin_cmake_args=None, catkin_skip_building_tests=False, verb_parser=<colcon_defaults.argument_parser.defaults.DefaultArgumentsDecorator object at 0xffffa0279550>, verb_extension=<colcon_core.verb.build.BuildVerb object at 0xffffa04325a0>, main=<bound method BuildVerb.main of <colcon_core.verb.build.BuildVerb object at 0xffffa04325a0>>)
[0.206s] Level 1:colcon.colcon_core.package_discovery:discover_packages(colcon_meta) check parameters
[0.207s] Level 1:colcon.colcon_core.package_discovery:discover_packages(recursive) check parameters
[0.207s] Level 1:colcon.colcon_core.package_discovery:discover_packages(ignore) check parameters
[0.207s] Level 1:colcon.colcon_core.package_discovery:discover_packages(path) check parameters
[0.207s] Level 1:colcon.colcon_core.package_discovery:discover_packages(colcon_meta) discover
[0.207s] Level 1:colcon.colcon_core.package_discovery:discover_packages(recursive) discover
[0.207s] INFO:colcon.colcon_core.package_discovery:Crawling recursively for packages in '/home/pi/robot_project/robot_ws'
[0.207s] Level 1:colcon.colcon_core.package_identification:_identify(.) by extensions ['ignore', 'ignore_ament_install']
[0.207s] Level 1:colcon.colcon_core.package_identification:_identify(.) by extension 'ignore'
[0.207s] Level 1:colcon.colcon_core.package_identification:_identify(.) by extension 'ignore_ament_install'
[0.207s] Level 1:colcon.colcon_core.package_identification:_identify(.) by extensions ['colcon_pkg']
[0.207s] Level 1:colcon.colcon_core.package_identification:_identify(.) by extension 'colcon_pkg'
[0.207s] Level 1:colcon.colcon_core.package_identification:_identify(.) by extensions ['colcon_meta']
[0.207s] Level 1:colcon.colcon_core.package_identification:_identify(.) by extension 'colcon_meta'
[0.207s] Level 1:colcon.colcon_core.package_identification:_identify(.) by extensions ['ros']
[0.207s] Level 1:colcon.colcon_core.package_identification:_identify(.) by extension 'ros'
[0.243s] Level 1:colcon.colcon_core.package_identification:_identify(.) by extensions ['cmake', 'python']
[0.244s] Level 1:colcon.colcon_core.package_identification:_identify(.) by extension 'cmake'
[0.244s] Level 1:colcon.colcon_core.package_identification:_identify(.) by extension 'python'
[0.244s] Level 1:colcon.colcon_core.package_identification:_identify(.) by extensions ['python_setup_py']
[0.244s] Level 1:colcon.colcon_core.package_identification:_identify(.) by extension 'python_setup_py'
[0.244s] Level 1:colcon.colcon_core.package_identification:_identify(build) by extensions ['ignore', 'ignore_ament_install']
[0.244s] Level 1:colcon.colcon_core.package_identification:_identify(build) by extension 'ignore'
[0.244s] Level 1:colcon.colcon_core.package_identification:_identify(build) ignored
[0.244s] Level 1:colcon.colcon_core.package_identification:_identify(install) by extensions ['ignore', 'ignore_ament_install']
[0.244s] Level 1:colcon.colcon_core.package_identification:_identify(install) by extension 'ignore'
[0.244s] Level 1:colcon.colcon_core.package_identification:_identify(install) ignored
[0.245s] Level 1:colcon.colcon_core.package_identification:_identify(log) by extensions ['ignore', 'ignore_ament_install']
[0.245s] Level 1:colcon.colcon_core.package_identification:_identify(log) by extension 'ignore'
[0.245s] Level 1:colcon.colcon_core.package_identification:_identify(log) ignored
[0.245s] Level 1:colcon.colcon_core.package_identification:_identify(src) by extensions ['ignore', 'ignore_ament_install']
[0.245s] Level 1:colcon.colcon_core.package_identification:_identify(src) by extension 'ignore'
[0.245s] Level 1:colcon.colcon_core.package_identification:_identify(src) by extension 'ignore_ament_install'
[0.245s] Level 1:colcon.colcon_core.package_identification:_identify(src) by extensions ['colcon_pkg']
[0.245s] Level 1:colcon.colcon_core.package_identification:_identify(src) by extension 'colcon_pkg'
[0.245s] Level 1:colcon.colcon_core.package_identification:_identify(src) by extensions ['colcon_meta']
[0.245s] Level 1:colcon.colcon_core.package_identification:_identify(src) by extension 'colcon_meta'
[0.245s] Level 1:colcon.colcon_core.package_identification:_identify(src) by extensions ['ros']
[0.245s] Level 1:colcon.colcon_core.package_identification:_identify(src) by extension 'ros'
[0.245s] Level 1:colcon.colcon_core.package_identification:_identify(src) by extensions ['cmake', 'python']
[0.245s] Level 1:colcon.colcon_core.package_identification:_identify(src) by extension 'cmake'
[0.245s] Level 1:colcon.colcon_core.package_identification:_identify(src) by extension 'python'
[0.245s] Level 1:colcon.colcon_core.package_identification:_identify(src) by extensions ['python_setup_py']
[0.245s] Level 1:colcon.colcon_core.package_identification:_identify(src) by extension 'python_setup_py'
[0.246s] Level 1:colcon.colcon_core.package_identification:_identify(src/cart_follow) by extensions ['ignore', 'ignore_ament_install']
[0.246s] Level 1:colcon.colcon_core.package_identification:_identify(src/cart_follow) by extension 'ignore'
[0.246s] Level 1:colcon.colcon_core.package_identification:_identify(src/cart_follow) by extension 'ignore_ament_install'
[0.246s] Level 1:colcon.colcon_core.package_identification:_identify(src/cart_follow) by extensions ['colcon_pkg']
[0.246s] Level 1:colcon.colcon_core.package_identification:_identify(src/cart_follow) by extension 'colcon_pkg'
[0.246s] Level 1:colcon.colcon_core.package_identification:_identify(src/cart_follow) by extensions ['colcon_meta']
[0.246s] Level 1:colcon.colcon_core.package_identification:_identify(src/cart_follow) by extension 'colcon_meta'
[0.246s] Level 1:colcon.colcon_core.package_identification:_identify(src/cart_follow) by extensions ['ros']
[0.246s] Level 1:colcon.colcon_core.package_identification:_identify(src/cart_follow) by extension 'ros'
[0.251s] DEBUG:colcon.colcon_core.package_identification:Package 'src/cart_follow' with type 'ros.ament_python' and name 'cart_follow'
[0.251s] Level 1:colcon.colcon_core.package_identification:_identify(src/ydlidar_ros2_driver_jazzy) by extensions ['ignore', 'ignore_ament_install']
[0.251s] Level 1:colcon.colcon_core.package_identification:_identify(src/ydlidar_ros2_driver_jazzy) by extension 'ignore'
[0.252s] Level 1:colcon.colcon_core.package_identification:_identify(src/ydlidar_ros2_driver_jazzy) by extension 'ignore_ament_install'
[0.252s] Level 1:colcon.colcon_core.package_identification:_identify(src/ydlidar_ros2_driver_jazzy) by extensions ['colcon_pkg']
[0.252s] Level 1:colcon.colcon_core.package_identification:_identify(src/ydlidar_ros2_driver_jazzy) by extension 'colcon_pkg'
[0.252s] Level 1:colcon.colcon_core.package_identification:_identify(src/ydlidar_ros2_driver_jazzy) by extensions ['colcon_meta']
[0.252s] Level 1:colcon.colcon_core.package_identification:_identify(src/ydlidar_ros2_driver_jazzy) by extension 'colcon_meta'
[0.252s] Level 1:colcon.colcon_core.package_identification:_identify(src/ydlidar_ros2_driver_jazzy) by extensions ['ros']
[0.252s] Level 1:colcon.colcon_core.package_identification:_identify(src/ydlidar_ros2_driver_jazzy) by extension 'ros'
[0.253s] DEBUG:colcon.colcon_core.package_identification:Package 'src/ydlidar_ros2_driver_jazzy' with type 'ros.ament_cmake' and name 'ydlidar_ros2_driver'
[0.253s] Level 1:colcon.colcon_core.package_discovery:discover_packages(recursive) using defaults
[0.253s] Level 1:colcon.colcon_core.package_discovery:discover_packages(ignore) discover
[0.253s] Level 1:colcon.colcon_core.package_discovery:discover_packages(ignore) using defaults
[0.253s] Level 1:colcon.colcon_core.package_discovery:discover_packages(path) discover
[0.253s] Level 1:colcon.colcon_core.package_discovery:discover_packages(path) using defaults
[0.276s] INFO:colcon.colcon_core.package_selection:Skipping not selected package 'ydlidar_ros2_driver' in 'src/ydlidar_ros2_driver_jazzy'
[0.277s] Level 1:colcon.colcon_core.package_discovery:discover_packages(prefix_path) check parameters
[0.277s] Level 1:colcon.colcon_core.package_discovery:discover_packages(prefix_path) discover
[0.279s] DEBUG:colcon.colcon_installed_package_information.package_discovery:Found 2 installed packages in /home/pi/robot_project/robot_ws/install
[0.281s] DEBUG:colcon.colcon_installed_package_information.package_discovery:Found 287 installed packages in /opt/ros/jazzy
[0.282s] Level 1:colcon.colcon_core.package_discovery:discover_packages(prefix_path) using defaults
[0.342s] Level 5:colcon.colcon_core.verb:set package 'cart_follow' build argument 'cmake_args' from command line to 'None'
[0.342s] Level 5:colcon.colcon_core.verb:set package 'cart_follow' build argument 'cmake_target' from command line to 'None'
[0.342s] Level 5:colcon.colcon_core.verb:set package 'cart_follow' build argument 'cmake_target_skip_unavailable' from command line to 'False'
[0.342s] Level 5:colcon.colcon_core.verb:set package 'cart_follow' build argument 'cmake_clean_cache' from command line to 'False'
[0.342s] Level 5:colcon.colcon_core.verb:set package 'cart_follow' build argument 'cmake_clean_first' from command line to 'False'
[0.342s] Level 5:colcon.colcon_core.verb:set package 'cart_follow' build argument 'cmake_force_configure' from command line to 'False'
[0.342s] Level 5:colcon.colcon_core.verb:set package 'cart_follow' build argument 'ament_cmake_args' from command line to 'None'
[0.342s] Level 5:colcon.colcon_core.verb:set package 'cart_follow' build argument 'catkin_cmake_args' from command line to 'None'
[0.342s] Level 5:colcon.colcon_core.verb:set package 'cart_follow' build argument 'catkin_skip_building_tests' from command line to 'False'
[0.342s] DEBUG:colcon.colcon_core.verb:Building package 'cart_follow' with the following arguments: {'ament_cmake_args': None, 'build_base': '/home/pi/robot_project/robot_ws/build/cart_follow', 'catkin_cmake_args': None, 'catkin_skip_building_tests': False, 'cmake_args': None, 'cmake_clean_cache': False, 'cmake_clean_first': False, 'cmake_force_configure': False, 'cmake_target': None, 'cmake_target_skip_unavailable': False, 'install_base': '/home/pi/robot_project/robot_ws/install/cart_follow', 'merge_install': False, 'path': '/home/pi/robot_project/robot_ws/src/cart_follow', 'symlink_install': True, 'test_result_base': None}
[0.343s] INFO:colcon.colcon_core.executor:Executing jobs using 'parallel' executor
[0.344s] DEBUG:colcon.colcon_parallel_executor.executor.parallel:run_until_complete
[0.344s] INFO:colcon.colcon_ros.task.ament_python.build:Building ROS package in '/home/pi/robot_project/robot_ws/src/cart_follow' with build type 'ament_python'
[0.344s] Level 1:colcon.colcon_core.shell:create_environment_hook('cart_follow', 'ament_prefix_path')
[0.347s] INFO:colcon.colcon_core.plugin_system:Skipping extension 'colcon_core.shell.bat': Not used on non-Windows systems
[0.347s] INFO:colcon.colcon_core.shell:Creating environment hook '/home/pi/robot_project/robot_ws/install/cart_follow/share/cart_follow/hook/ament_prefix_path.ps1'
[0.348s] INFO:colcon.colcon_core.shell:Creating environment descriptor '/home/pi/robot_project/robot_ws/install/cart_follow/share/cart_follow/hook/ament_prefix_path.dsv'
[0.350s] INFO:colcon.colcon_core.shell:Creating environment hook '/home/pi/robot_project/robot_ws/install/cart_follow/share/cart_follow/hook/ament_prefix_path.sh'
[0.351s] INFO:colcon.colcon_core.shell:Skip shell extension 'powershell' for command environment: Not usable outside of PowerShell
[0.351s] DEBUG:colcon.colcon_core.shell:Skip shell extension 'dsv' for command environment
[0.668s] INFO:colcon.colcon_core.task.python.build:Building Python package in '/home/pi/robot_project/robot_ws/src/cart_follow'
[0.669s] INFO:colcon.colcon_core.shell:Skip shell extension 'powershell' for command environment: Not usable outside of PowerShell
[0.669s] DEBUG:colcon.colcon_core.shell:Skip shell extension 'dsv' for command environment
[1.513s] DEBUG:colcon.colcon_core.task.python.build:Available setuptools commands: upload_docs, compile_catalog, rotate, editable_wheel, build_scripts, bdist, setopt, init_catalog, install_lib, register, bdist_dumb, develop, update_catalog, build_ext, build, build_clib, bdist_egg, check, upload, bdist_wheel, easy_install, clean, install_scripts, bdist_rpm, dist_info, build_py, install, install_headers, egg_info, extract_messages, saveopts, test, install_data, sdist, install_egg_info, alias, symlink_data
[1.999s] DEBUG:colcon.colcon_core.task.python.build:Available setuptools 'develop' options: --version, --exclude-scripts, --force-installation-into-system-dir, --site-dirs, --always-copy, --install-layout, --install-dir, --zip-ok, --always-unzip, --uninstall, --egg-path, --record, --no-deps, --editable, --find-links, --upgrade, --local-snapshots-ok, --quiet, --user, --index-url, --help, --verbose, --optimize, --multi-version, --script-dir, --dry-run, --allow-hosts, --no-user-cfg, --build-directory, --no-find-links, --prefix
[2.004s] DEBUG:colcon.colcon_core.event_handler.log_command:Invoking command in '/home/pi/robot_project/robot_ws/build/cart_follow': DEBUGINFOD_URLS=https://debuginfod.ubuntu.com PYTHONPATH=/home/pi/robot_project/robot_ws/build/cart_follow/prefix_override:/usr/lib/python3/dist-packages/colcon_core/task/python/colcon_distutils_commands:/home/pi/robot_project/robot_ws/install/cart_follow/lib/python3.12/site-packages:${PYTHONPATH} /usr/bin/python3 -W ignore:setup.py install is deprecated -W ignore:easy_install command is deprecated setup.py develop --editable --build-directory /home/pi/robot_project/robot_ws/build/cart_follow/build --no-deps symlink_data
[2.924s] Level 1:colcon.colcon_core.shell:create_environment_hook('cart_follow', 'pythonpath_develop')
[2.924s] INFO:colcon.colcon_core.shell:Creating environment hook '/home/pi/robot_project/robot_ws/build/cart_follow/share/cart_follow/hook/pythonpath_develop.ps1'
[2.925s] DEBUG:colcon.colcon_core.event_handler.log_command:Invoked command in '/home/pi/robot_project/robot_ws/build/cart_follow' returned '0': DEBUGINFOD_URLS=https://debuginfod.ubuntu.com PYTHONPATH=/home/pi/robot_project/robot_ws/build/cart_follow/prefix_override:/usr/lib/python3/dist-packages/colcon_core/task/python/colcon_distutils_commands:/home/pi/robot_project/robot_ws/install/cart_follow/lib/python3.12/site-packages:${PYTHONPATH} /usr/bin/python3 -W ignore:setup.py install is deprecated -W ignore:easy_install command is deprecated setup.py develop --editable --build-directory /home/pi/robot_project/robot_ws/build/cart_follow/build --no-deps symlink_data
[2.926s] INFO:colcon.colcon_core.shell:Creating environment descriptor '/home/pi/robot_project/robot_ws/build/cart_follow/share/cart_follow/hook/pythonpath_develop.dsv'
[2.926s] INFO:colcon.colcon_core.shell:Creating environment hook '/home/pi/robot_project/robot_ws/build/cart_follow/share/cart_follow/hook/pythonpath_develop.sh'
[2.930s] Level 1:colcon.colcon_core.environment:checking '/home/pi/robot_project/robot_ws/install/cart_follow' for CMake module files
[2.931s] Level 1:colcon.colcon_core.environment:checking '/home/pi/robot_project/robot_ws/install/cart_follow' for CMake config files
[2.932s] Level 1:colcon.colcon_core.environment:checking '/home/pi/robot_project/robot_ws/install/cart_follow/lib'
[2.932s] Level 1:colcon.colcon_core.environment:checking '/home/pi/robot_project/robot_ws/install/cart_follow/bin'
[2.932s] Level 1:colcon.colcon_core.environment:checking '/home/pi/robot_project/robot_ws/install/cart_follow/lib/pkgconfig/cart_follow.pc'
[2.932s] Level 1:colcon.colcon_core.environment:checking '/home/pi/robot_project/robot_ws/install/cart_follow/lib/python3.12/site-packages'
[2.933s] Level 1:colcon.colcon_core.shell:create_environment_hook('cart_follow', 'pythonpath')
[2.933s] INFO:colcon.colcon_core.shell:Creating environment hook '/home/pi/robot_project/robot_ws/install/cart_follow/share/cart_follow/hook/pythonpath.ps1'
[2.934s] INFO:colcon.colcon_core.shell:Creating environment descriptor '/home/pi/robot_project/robot_ws/install/cart_follow/share/cart_follow/hook/pythonpath.dsv'
[2.934s] INFO:colcon.colcon_core.shell:Creating environment hook '/home/pi/robot_project/robot_ws/install/cart_follow/share/cart_follow/hook/pythonpath.sh'
[2.936s] Level 1:colcon.colcon_core.environment:checking '/home/pi/robot_project/robot_ws/install/cart_follow/bin'
[2.936s] Level 1:colcon.colcon_core.environment:create_environment_scripts_only(cart_follow)
[2.936s] INFO:colcon.colcon_core.shell:Creating package script '/home/pi/robot_project/robot_ws/install/cart_follow/share/cart_follow/package.ps1'
[2.938s] INFO:colcon.colcon_core.shell:Creating package descriptor '/home/pi/robot_project/robot_ws/install/cart_follow/share/cart_follow/package.dsv'
[2.939s] INFO:colcon.colcon_core.shell:Creating package script '/home/pi/robot_project/robot_ws/install/cart_follow/share/cart_follow/package.sh'
[2.940s] INFO:colcon.colcon_core.shell:Creating package script '/home/pi/robot_project/robot_ws/install/cart_follow/share/cart_follow/package.bash'
[2.941s] INFO:colcon.colcon_core.shell:Creating package script '/home/pi/robot_project/robot_ws/install/cart_follow/share/cart_follow/package.zsh'
[2.941s] Level 1:colcon.colcon_core.environment:create_file_with_runtime_dependencies(/home/pi/robot_project/robot_ws/install/cart_follow/share/colcon-core/packages/cart_follow)
[2.942s] DEBUG:colcon.colcon_parallel_executor.executor.parallel:closing loop
[2.943s] DEBUG:colcon.colcon_parallel_executor.executor.parallel:loop closed
[2.943s] DEBUG:colcon.colcon_parallel_executor.executor.parallel:run_until_complete finished with '0'
[2.943s] DEBUG:colcon.colcon_core.event_reactor:joining thread
[2.944s] DEBUG:colcon.colcon_core.event_reactor:joined thread
[2.944s] INFO:colcon.colcon_core.shell:Creating prefix script '/home/pi/robot_project/robot_ws/install/local_setup.ps1'
[2.945s] INFO:colcon.colcon_core.shell:Creating prefix util module '/home/pi/robot_project/robot_ws/install/_local_setup_util_ps1.py'
[2.947s] INFO:colcon.colcon_core.shell:Creating prefix chain script '/home/pi/robot_project/robot_ws/install/setup.ps1'
[2.948s] INFO:colcon.colcon_core.shell:Creating prefix script '/home/pi/robot_project/robot_ws/install/local_setup.sh'
[2.949s] INFO:colcon.colcon_core.shell:Creating prefix util module '/home/pi/robot_project/robot_ws/install/_local_setup_util_sh.py'
[2.950s] INFO:colcon.colcon_core.shell:Creating prefix chain script '/home/pi/robot_project/robot_ws/install/setup.sh'
[2.951s] INFO:colcon.colcon_core.shell:Creating prefix script '/home/pi/robot_project/robot_ws/install/local_setup.bash'
[2.952s] INFO:colcon.colcon_core.shell:Creating prefix chain script '/home/pi/robot_project/robot_ws/install/setup.bash'
[2.953s] INFO:colcon.colcon_core.shell:Creating prefix script '/home/pi/robot_project/robot_ws/install/local_setup.zsh'
[2.954s] INFO:colcon.colcon_core.shell:Creating prefix chain script '/home/pi/robot_project/robot_ws/install/setup.zsh'
