[0.331s] Invoking command in '/home/pi/robot_project/robot_ws/build/ydlidar_ros2_driver': CMAKE_PREFIX_PATH=${CMAKE_PREFIX_PATH}:/home/pi/robot_project/robot_ws/install/cart_follow:/opt/ros/jazzy DEBUGINFOD_URLS=https://debuginfod.ubuntu.com VIRTUAL_ENV_PROMPT=(venv) /usr/bin/cmake /home/pi/robot_project/robot_ws/src/ydlidar_ros2_driver_jazzy -DCMAKE_INSTALL_PREFIX=/home/pi/robot_project/robot_ws/install/ydlidar_ros2_driver
[0.460s] -- The C compiler identification is GNU 13.3.0
[0.584s] -- The CXX compiler identification is GNU 13.3.0
[0.617s] -- Detecting C compiler ABI info
[0.799s] -- Detecting C compiler ABI info - done
[0.816s] -- Check for working C compiler: /usr/bin/cc - skipped
[0.817s] -- Detecting C compile features
[0.820s] -- Detecting C compile features - done
[0.835s] -- Detecting CXX compiler ABI info
[1.036s] -- Detecting CXX compiler ABI info - done
[1.064s] -- Check for working CXX compiler: /usr/bin/c++ - skipped
[1.064s] -- Detecting CXX compile features
[1.064s] -- Detecting CXX compile features - done
[1.071s] -- Found ament_cmake: 2.5.6 (/opt/ros/jazzy/share/ament_cmake/cmake)
[1.289s] -- Found Python3: /home/pi/robot_project/venv/bin/python3 (found version "3.12.3") found components: Interpreter 
[1.538s] -- Found rclcpp: 28.1.21 (/opt/ros/jazzy/share/rclcpp/cmake)
[1.624s] -- Found rosidl_generator_c: 4.6.9 (/opt/ros/jazzy/share/rosidl_generator_c/cmake)
[1.650s] -- Found rosidl_generator_cpp: 4.6.9 (/opt/ros/jazzy/share/rosidl_generator_cpp/cmake)
[1.686s] -- Using all available rosidl_typesupport_c: rosidl_typesupport_fastrtps_c;rosidl_typesupport_introspection_c
[1.725s] -- Using all available rosidl_typesupport_cpp: rosidl_typesupport_fastrtps_cpp;rosidl_typesupport_introspection_cpp
[1.879s] -- Found rmw_implementation_cmake: 7.3.3 (/opt/ros/jazzy/share/rmw_implementation_cmake/cmake)
[1.886s] -- Found rmw_fastrtps_cpp: 8.4.4 (/opt/ros/jazzy/share/rmw_fastrtps_cpp/cmake)
[2.053s] -- Found OpenSSL: /usr/lib/aarch64-linux-gnu/libcrypto.so (found version "3.0.13")  
[2.083s] -- Found FastRTPS: /opt/ros/jazzy/include (Required is at least version "2.13") 
[2.123s] -- Using RMW implementation 'rmw_fastrtps_cpp' as default
[2.283s] -- Found sensor_msgs: 5.3.8 (/opt/ros/jazzy/share/sensor_msgs/cmake)
[2.400s] -- Found visualization_msgs: 5.3.8 (/opt/ros/jazzy/share/visualization_msgs/cmake)
[2.449s] -- Found std_srvs: 5.3.8 (/opt/ros/jazzy/share/std_srvs/cmake)
[2.494s] -- Found ament_lint_auto: 0.17.5 (/opt/ros/jazzy/share/ament_lint_auto/cmake)
[2.528s] Traceback (most recent call last):
[2.528s]   File "/opt/ros/jazzy/share/ament_cmake_core/cmake/core/package_xml_2_cmake.py", line 22, in <module>
[2.529s]     from catkin_pkg.package import parse_package_string
[2.529s] ModuleNotFoundError: No module named 'catkin_pkg'
[2.535s] [31mCMake Error at /opt/ros/jazzy/share/ament_cmake_core/cmake/core/ament_package_xml.cmake:95 (message):
[2.535s]   execute_process(/home/pi/robot_project/venv/bin/python3
[2.535s]   /opt/ros/jazzy/share/ament_cmake_core/cmake/core/package_xml_2_cmake.py
[2.535s]   /home/pi/robot_project/robot_ws/src/ydlidar_ros2_driver_jazzy/package.xml
[2.535s]   /home/pi/robot_project/robot_ws/build/ydlidar_ros2_driver/ament_cmake_core/package.cmake)
[2.535s]   returned error code 1
[2.535s] Call Stack (most recent call first):
[2.535s]   /opt/ros/jazzy/share/ament_cmake_core/cmake/core/ament_package_xml.cmake:49 (_ament_package_xml)
[2.535s]   /opt/ros/jazzy/share/ament_lint_auto/cmake/ament_lint_auto_find_test_dependencies.cmake:31 (ament_package_xml)
[2.536s]   CMakeLists.txt:84 (ament_lint_auto_find_test_dependencies)
[2.536s] 
[2.536s] [0m
[2.536s] -- Configuring incomplete, errors occurred!
[2.556s] Invoked command in '/home/pi/robot_project/robot_ws/build/ydlidar_ros2_driver' returned '1': CMAKE_PREFIX_PATH=${CMAKE_PREFIX_PATH}:/home/pi/robot_project/robot_ws/install/cart_follow:/opt/ros/jazzy DEBUGINFOD_URLS=https://debuginfod.ubuntu.com VIRTUAL_ENV_PROMPT=(venv) /usr/bin/cmake /home/pi/robot_project/robot_ws/src/ydlidar_ros2_driver_jazzy -DCMAKE_INSTALL_PREFIX=/home/pi/robot_project/robot_ws/install/ydlidar_ros2_driver
