[0.349s] Invoking command in '/home/pi/robot_project/robot_ws/build/ydlidar_ros2_driver': CMAKE_PREFIX_PATH=${CMAKE_PREFIX_PATH}:/home/pi/robot_project/robot_ws/install/cart_follow:/opt/ros/jazzy DEBUGINFOD_URLS=https://debuginfod.ubuntu.com /usr/bin/cmake /home/pi/robot_project/robot_ws/src/ydlidar_ros2_driver_jazzy -DCMAKE_INSTALL_PREFIX=/home/pi/robot_project/robot_ws/install/ydlidar_ros2_driver
[0.457s] -- The C compiler identification is GNU 13.3.0
[0.567s] -- The CXX compiler identification is GNU 13.3.0
[0.597s] -- Detecting C compiler ABI info
[0.766s] -- Detecting C compiler ABI info - done
[0.779s] -- Check for working C compiler: /usr/bin/cc - skipped
[0.779s] -- Detecting C compile features
[0.779s] -- Detecting C compile features - done
[0.794s] -- Detecting CXX compiler ABI info
[0.973s] -- Detecting CXX compiler ABI info - done
[0.987s] -- Check for working CXX compiler: /usr/bin/c++ - skipped
[0.987s] -- Detecting CXX compile features
[0.988s] -- Detecting CXX compile features - done
[0.991s] -- Found ament_cmake: 2.5.6 (/opt/ros/jazzy/share/ament_cmake/cmake)
[1.223s] -- Found Python3: /usr/bin/python3 (found version "3.12.3") found components: Interpreter 
[1.420s] -- Found rclcpp: 28.1.21 (/opt/ros/jazzy/share/rclcpp/cmake)
[1.474s] -- Found rosidl_generator_c: 4.6.9 (/opt/ros/jazzy/share/rosidl_generator_c/cmake)
[1.494s] -- Found rosidl_generator_cpp: 4.6.9 (/opt/ros/jazzy/share/rosidl_generator_cpp/cmake)
[1.517s] -- Using all available rosidl_typesupport_c: rosidl_typesupport_fastrtps_c;rosidl_typesupport_introspection_c
[1.547s] -- Using all available rosidl_typesupport_cpp: rosidl_typesupport_fastrtps_cpp;rosidl_typesupport_introspection_cpp
[1.655s] -- Found rmw_implementation_cmake: 7.3.3 (/opt/ros/jazzy/share/rmw_implementation_cmake/cmake)
[1.659s] -- Found rmw_fastrtps_cpp: 8.4.4 (/opt/ros/jazzy/share/rmw_fastrtps_cpp/cmake)
[1.787s] -- Found OpenSSL: /usr/lib/aarch64-linux-gnu/libcrypto.so (found version "3.0.13")  
[1.814s] -- Found FastRTPS: /opt/ros/jazzy/include (Required is at least version "2.13") 
[1.850s] -- Using RMW implementation 'rmw_fastrtps_cpp' as default
[1.957s] -- Found sensor_msgs: 5.3.8 (/opt/ros/jazzy/share/sensor_msgs/cmake)
[2.041s] -- Found visualization_msgs: 5.3.8 (/opt/ros/jazzy/share/visualization_msgs/cmake)
[2.096s] -- Found std_srvs: 5.3.8 (/opt/ros/jazzy/share/std_srvs/cmake)
[2.138s] -- Found ament_lint_auto: 0.17.5 (/opt/ros/jazzy/share/ament_lint_auto/cmake)
[2.364s] -- Added test 'copyright' to check source files copyright and LICENSE
[2.371s] -- Added test 'cppcheck' to perform static code analysis on C / C++ code
[2.372s] -- Configured cppcheck include dirs: /home/pi/robot_project/robot_ws/src/ydlidar_ros2_driver_jazzy/src
[2.372s] -- Configured cppcheck exclude dirs and/or files: 
[2.378s] -- Added test 'cpplint' to check C / C++ code against the Google style
[2.378s] -- Configured cpplint exclude dirs and/or files: 
[2.380s] -- Added test 'flake8' to check Python code syntax and style conventions
[2.380s] -- Configured 'flake8' exclude dirs and/or files: 
[2.382s] -- Added test 'lint_cmake' to check CMake code style
[2.384s] -- Added test 'pep257' to check Python code against some of the docstring style conventions in PEP 257
[2.390s] -- Added test 'uncrustify' to check C / C++ code style
[2.390s] -- Configured uncrustify additional arguments: 
[2.392s] -- Added test 'xmllint' to check XML markup files
[2.395s] -- Configuring done (2.0s)
[2.425s] -- Generating done (0.0s)
[2.434s] -- Build files have been written to: /home/pi/robot_project/robot_ws/build/ydlidar_ros2_driver
[2.454s] Invoked command in '/home/pi/robot_project/robot_ws/build/ydlidar_ros2_driver' returned '0': CMAKE_PREFIX_PATH=${CMAKE_PREFIX_PATH}:/home/pi/robot_project/robot_ws/install/cart_follow:/opt/ros/jazzy DEBUGINFOD_URLS=https://debuginfod.ubuntu.com /usr/bin/cmake /home/pi/robot_project/robot_ws/src/ydlidar_ros2_driver_jazzy -DCMAKE_INSTALL_PREFIX=/home/pi/robot_project/robot_ws/install/ydlidar_ros2_driver
[2.456s] Invoking command in '/home/pi/robot_project/robot_ws/build/ydlidar_ros2_driver': CMAKE_PREFIX_PATH=${CMAKE_PREFIX_PATH}:/home/pi/robot_project/robot_ws/install/cart_follow:/opt/ros/jazzy DEBUGINFOD_URLS=https://debuginfod.ubuntu.com /usr/bin/cmake --build /home/pi/robot_project/robot_ws/build/ydlidar_ros2_driver -- -j4 -l4
[2.549s] [ 50%] [32mBuilding CXX object CMakeFiles/ydlidar_ros2_driver_node.dir/src/ydlidar_ros2_driver_node.cpp.o[0m
[2.549s] [ 50%] [32mBuilding CXX object CMakeFiles/ydlidar_ros2_driver_client.dir/src/ydlidar_ros2_driver_client.cpp.o[0m
[6.734s] [01m[K/home/pi/robot_project/robot_ws/src/ydlidar_ros2_driver_jazzy/src/ydlidar_ros2_driver_node.cpp:[m[K In function ‘[01m[Kint[01;32m[K main[m[K(int, char**)[m[K’:
[6.734s] [01m[K/home/pi/robot_project/robot_ws/src/ydlidar_ros2_driver_jazzy/src/ydlidar_ros2_driver_node.cpp:132:8:[m[K [01;35m[Kwarning: [m[Kunused variable ‘[01m[Kinvalid_range_is_inf[m[K’ [[01;35m[K]8;;https://gcc.gnu.org/onlinedocs/gcc/Warning-Options.html#index-Wunused-variable-Wunused-variable]8;;[m[K]
[6.734s]   132 |   bool [01;35m[Kinvalid_range_is_inf[m[K = node->declare_parameter<bool>("invalid_range_is_inf", false);
[6.734s]       |        [01;35m[K^~~~~~~~~~~~~~~~~~~~[m[K
[11.853s] [ 75%] [32m[1mLinking CXX executable ydlidar_ros2_driver_node[0m
[12.755s] [ 75%] Built target ydlidar_ros2_driver_node
[15.479s] [100%] [32m[1mLinking CXX executable ydlidar_ros2_driver_client[0m
[16.194s] [100%] Built target ydlidar_ros2_driver_client
[16.215s] Invoked command in '/home/pi/robot_project/robot_ws/build/ydlidar_ros2_driver' returned '0': CMAKE_PREFIX_PATH=${CMAKE_PREFIX_PATH}:/home/pi/robot_project/robot_ws/install/cart_follow:/opt/ros/jazzy DEBUGINFOD_URLS=https://debuginfod.ubuntu.com /usr/bin/cmake --build /home/pi/robot_project/robot_ws/build/ydlidar_ros2_driver -- -j4 -l4
[16.234s] Invoking command in '/home/pi/robot_project/robot_ws/build/ydlidar_ros2_driver': CMAKE_PREFIX_PATH=${CMAKE_PREFIX_PATH}:/home/pi/robot_project/robot_ws/install/cart_follow:/opt/ros/jazzy DEBUGINFOD_URLS=https://debuginfod.ubuntu.com /usr/bin/cmake --install /home/pi/robot_project/robot_ws/build/ydlidar_ros2_driver
[16.248s] -- Install configuration: ""
[16.248s] -- Installing: /home/pi/robot_project/robot_ws/install/ydlidar_ros2_driver/lib/ydlidar_ros2_driver/ydlidar_ros2_driver_node
[16.253s] -- Set non-toolchain portion of runtime path of "/home/pi/robot_project/robot_ws/install/ydlidar_ros2_driver/lib/ydlidar_ros2_driver/ydlidar_ros2_driver_node" to ""
[16.253s] -- Installing: /home/pi/robot_project/robot_ws/install/ydlidar_ros2_driver/lib/ydlidar_ros2_driver/ydlidar_ros2_driver_client
[16.261s] -- Set non-toolchain portion of runtime path of "/home/pi/robot_project/robot_ws/install/ydlidar_ros2_driver/lib/ydlidar_ros2_driver/ydlidar_ros2_driver_client" to ""
[16.262s] -- Installing: /home/pi/robot_project/robot_ws/install/ydlidar_ros2_driver/share/ydlidar_ros2_driver/launch
[16.262s] -- Installing: /home/pi/robot_project/robot_ws/install/ydlidar_ros2_driver/share/ydlidar_ros2_driver/launch/ydlidar_launch.py
[16.262s] -- Installing: /home/pi/robot_project/robot_ws/install/ydlidar_ros2_driver/share/ydlidar_ros2_driver/launch/ydlidar_launch_view.py
[16.262s] -- Installing: /home/pi/robot_project/robot_ws/install/ydlidar_ros2_driver/share/ydlidar_ros2_driver/launch/ydlidar.py
[16.262s] -- Installing: /home/pi/robot_project/robot_ws/install/ydlidar_ros2_driver/share/ydlidar_ros2_driver/params
[16.262s] -- Installing: /home/pi/robot_project/robot_ws/install/ydlidar_ros2_driver/share/ydlidar_ros2_driver/params/X2.yaml
[16.262s] -- Installing: /home/pi/robot_project/robot_ws/install/ydlidar_ros2_driver/share/ydlidar_ros2_driver/params/X4-Pro.yaml
[16.263s] -- Installing: /home/pi/robot_project/robot_ws/install/ydlidar_ros2_driver/share/ydlidar_ros2_driver/params/G1.yaml
[16.263s] -- Installing: /home/pi/robot_project/robot_ws/install/ydlidar_ros2_driver/share/ydlidar_ros2_driver/params/GS2.yaml
[16.263s] -- Installing: /home/pi/robot_project/robot_ws/install/ydlidar_ros2_driver/share/ydlidar_ros2_driver/params/TminiPro.yaml
[16.263s] -- Installing: /home/pi/robot_project/robot_ws/install/ydlidar_ros2_driver/share/ydlidar_ros2_driver/params/G2.yaml
[16.263s] -- Installing: /home/pi/robot_project/robot_ws/install/ydlidar_ros2_driver/share/ydlidar_ros2_driver/params/TEA.yaml
[16.263s] -- Installing: /home/pi/robot_project/robot_ws/install/ydlidar_ros2_driver/share/ydlidar_ros2_driver/params/TG.yaml
[16.263s] -- Installing: /home/pi/robot_project/robot_ws/install/ydlidar_ros2_driver/share/ydlidar_ros2_driver/params/X4.yaml
[16.264s] -- Installing: /home/pi/robot_project/robot_ws/install/ydlidar_ros2_driver/share/ydlidar_ros2_driver/params/ydlidar.yaml
[16.264s] -- Installing: /home/pi/robot_project/robot_ws/install/ydlidar_ros2_driver/share/ydlidar_ros2_driver/params/G6.yaml
[16.264s] -- Installing: /home/pi/robot_project/robot_ws/install/ydlidar_ros2_driver/share/ydlidar_ros2_driver/startup
[16.264s] -- Installing: /home/pi/robot_project/robot_ws/install/ydlidar_ros2_driver/share/ydlidar_ros2_driver/startup/initenv.sh
[16.264s] -- Installing: /home/pi/robot_project/robot_ws/install/ydlidar_ros2_driver/share/ydlidar_ros2_driver/config
[16.264s] -- Installing: /home/pi/robot_project/robot_ws/install/ydlidar_ros2_driver/share/ydlidar_ros2_driver/config/ydlidar.rviz
[16.264s] -- Installing: /home/pi/robot_project/robot_ws/install/ydlidar_ros2_driver/share/ament_index/resource_index/package_run_dependencies/ydlidar_ros2_driver
[16.265s] -- Installing: /home/pi/robot_project/robot_ws/install/ydlidar_ros2_driver/share/ament_index/resource_index/parent_prefix_path/ydlidar_ros2_driver
[16.265s] -- Installing: /home/pi/robot_project/robot_ws/install/ydlidar_ros2_driver/share/ydlidar_ros2_driver/environment/ament_prefix_path.sh
[16.265s] -- Installing: /home/pi/robot_project/robot_ws/install/ydlidar_ros2_driver/share/ydlidar_ros2_driver/environment/ament_prefix_path.dsv
[16.265s] -- Installing: /home/pi/robot_project/robot_ws/install/ydlidar_ros2_driver/share/ydlidar_ros2_driver/environment/path.sh
[16.265s] -- Installing: /home/pi/robot_project/robot_ws/install/ydlidar_ros2_driver/share/ydlidar_ros2_driver/environment/path.dsv
[16.266s] -- Installing: /home/pi/robot_project/robot_ws/install/ydlidar_ros2_driver/share/ydlidar_ros2_driver/local_setup.bash
[16.266s] -- Installing: /home/pi/robot_project/robot_ws/install/ydlidar_ros2_driver/share/ydlidar_ros2_driver/local_setup.sh
[16.266s] -- Installing: /home/pi/robot_project/robot_ws/install/ydlidar_ros2_driver/share/ydlidar_ros2_driver/local_setup.zsh
[16.266s] -- Installing: /home/pi/robot_project/robot_ws/install/ydlidar_ros2_driver/share/ydlidar_ros2_driver/local_setup.dsv
[16.266s] -- Installing: /home/pi/robot_project/robot_ws/install/ydlidar_ros2_driver/share/ydlidar_ros2_driver/package.dsv
[16.267s] -- Installing: /home/pi/robot_project/robot_ws/install/ydlidar_ros2_driver/share/ament_index/resource_index/packages/ydlidar_ros2_driver
[16.267s] -- Installing: /home/pi/robot_project/robot_ws/install/ydlidar_ros2_driver/share/ydlidar_ros2_driver/cmake/ydlidar_ros2_driverConfig.cmake
[16.267s] -- Installing: /home/pi/robot_project/robot_ws/install/ydlidar_ros2_driver/share/ydlidar_ros2_driver/cmake/ydlidar_ros2_driverConfig-version.cmake
[16.267s] -- Installing: /home/pi/robot_project/robot_ws/install/ydlidar_ros2_driver/share/ydlidar_ros2_driver/package.xml
[16.271s] Invoked command in '/home/pi/robot_project/robot_ws/build/ydlidar_ros2_driver' returned '0': CMAKE_PREFIX_PATH=${CMAKE_PREFIX_PATH}:/home/pi/robot_project/robot_ws/install/cart_follow:/opt/ros/jazzy DEBUGINFOD_URLS=https://debuginfod.ubuntu.com /usr/bin/cmake --install /home/pi/robot_project/robot_ws/build/ydlidar_ros2_driver
