[1.873s] Invoking command in '/home/pi/robot_project/robot_ws/src/cart_follow': DEBUGINFOD_URLS=https://debuginfod.ubuntu.com PYTHONPATH=/home/pi/robot_project/robot_ws/build/cart_follow/prefix_override:/usr/lib/python3/dist-packages/colcon_core/task/python/colcon_distutils_commands:/home/pi/robot_project/robot_ws/install/cart_follow/lib/python3.12/site-packages:${PYTHONPATH} VIRTUAL_ENV_PROMPT=(venv) /usr/bin/python3 -W ignore:setup.py install is deprecated -W ignore:easy_install command is deprecated setup.py egg_info --egg-base ../../build/cart_follow build --build-base /home/pi/robot_project/robot_ws/build/cart_follow/build install --record /home/pi/robot_project/robot_ws/build/cart_follow/install.log --install-scripts $base/lib/cart_follow --single-version-externally-managed install_data
[2.383s] running egg_info
[2.384s] creating ../../build/cart_follow/cart_follow.egg-info
[2.408s] writing ../../build/cart_follow/cart_follow.egg-info/PKG-INFO
[2.409s] writing dependency_links to ../../build/cart_follow/cart_follow.egg-info/dependency_links.txt
[2.409s] writing entry points to ../../build/cart_follow/cart_follow.egg-info/entry_points.txt
[2.409s] writing requirements to ../../build/cart_follow/cart_follow.egg-info/requires.txt
[2.409s] writing top-level names to ../../build/cart_follow/cart_follow.egg-info/top_level.txt
[2.409s] writing manifest file '../../build/cart_follow/cart_follow.egg-info/SOURCES.txt'
[2.459s] reading manifest file '../../build/cart_follow/cart_follow.egg-info/SOURCES.txt'
[2.460s] writing manifest file '../../build/cart_follow/cart_follow.egg-info/SOURCES.txt'
[2.462s] running build
[2.462s] running build_py
[2.462s] creating /home/pi/robot_project/robot_ws/build/cart_follow/build
[2.462s] creating /home/pi/robot_project/robot_ws/build/cart_follow/build/lib
[2.462s] creating /home/pi/robot_project/robot_ws/build/cart_follow/build/lib/cart_follow
[2.462s] copying cart_follow/uwb_tracker.py -> /home/pi/robot_project/robot_ws/build/cart_follow/build/lib/cart_follow
[2.463s] copying cart_follow/__init__.py -> /home/pi/robot_project/robot_ws/build/cart_follow/build/lib/cart_follow
[2.463s] copying cart_follow/motor_serial.py -> /home/pi/robot_project/robot_ws/build/cart_follow/build/lib/cart_follow
[2.463s] copying cart_follow/follow_controller.py -> /home/pi/robot_project/robot_ws/build/cart_follow/build/lib/cart_follow
[2.463s] running install
[2.472s] running install_lib
[2.497s] creating /home/pi/robot_project/robot_ws/install/cart_follow/lib/python3.12/site-packages/cart_follow
[2.497s] copying /home/pi/robot_project/robot_ws/build/cart_follow/build/lib/cart_follow/uwb_tracker.py -> /home/pi/robot_project/robot_ws/install/cart_follow/lib/python3.12/site-packages/cart_follow
[2.498s] copying /home/pi/robot_project/robot_ws/build/cart_follow/build/lib/cart_follow/__init__.py -> /home/pi/robot_project/robot_ws/install/cart_follow/lib/python3.12/site-packages/cart_follow
[2.498s] copying /home/pi/robot_project/robot_ws/build/cart_follow/build/lib/cart_follow/motor_serial.py -> /home/pi/robot_project/robot_ws/install/cart_follow/lib/python3.12/site-packages/cart_follow
[2.498s] copying /home/pi/robot_project/robot_ws/build/cart_follow/build/lib/cart_follow/follow_controller.py -> /home/pi/robot_project/robot_ws/install/cart_follow/lib/python3.12/site-packages/cart_follow
[2.499s] byte-compiling /home/pi/robot_project/robot_ws/install/cart_follow/lib/python3.12/site-packages/cart_follow/uwb_tracker.py to uwb_tracker.cpython-312.pyc
[2.501s] byte-compiling /home/pi/robot_project/robot_ws/install/cart_follow/lib/python3.12/site-packages/cart_follow/__init__.py to __init__.cpython-312.pyc
[2.501s] byte-compiling /home/pi/robot_project/robot_ws/install/cart_follow/lib/python3.12/site-packages/cart_follow/motor_serial.py to motor_serial.cpython-312.pyc
[2.502s] byte-compiling /home/pi/robot_project/robot_ws/install/cart_follow/lib/python3.12/site-packages/cart_follow/follow_controller.py to follow_controller.cpython-312.pyc
[2.504s] running install_data
[2.504s] creating /home/pi/robot_project/robot_ws/install/cart_follow/share/ament_index
[2.504s] creating /home/pi/robot_project/robot_ws/install/cart_follow/share/ament_index/resource_index
[2.504s] creating /home/pi/robot_project/robot_ws/install/cart_follow/share/ament_index/resource_index/packages
[2.504s] copying resource/cart_follow -> /home/pi/robot_project/robot_ws/install/cart_follow/share/ament_index/resource_index/packages
[2.504s] copying package.xml -> /home/pi/robot_project/robot_ws/install/cart_follow/share/cart_follow
[2.505s] running install_egg_info
[2.531s] Copying ../../build/cart_follow/cart_follow.egg-info to /home/pi/robot_project/robot_ws/install/cart_follow/lib/python3.12/site-packages/cart_follow-0.0.0-py3.12.egg-info
[2.533s] running install_scripts
[2.708s] Installing follow_controller script to /home/pi/robot_project/robot_ws/install/cart_follow/lib/cart_follow
[2.708s] Installing motor_serial script to /home/pi/robot_project/robot_ws/install/cart_follow/lib/cart_follow
[2.708s] Installing uwb_tracker script to /home/pi/robot_project/robot_ws/install/cart_follow/lib/cart_follow
[2.709s] writing list of installed files to '/home/pi/robot_project/robot_ws/build/cart_follow/install.log'
[2.786s] Invoked command in '/home/pi/robot_project/robot_ws/src/cart_follow' returned '0': DEBUGINFOD_URLS=https://debuginfod.ubuntu.com PYTHONPATH=/home/pi/robot_project/robot_ws/build/cart_follow/prefix_override:/usr/lib/python3/dist-packages/colcon_core/task/python/colcon_distutils_commands:/home/pi/robot_project/robot_ws/install/cart_follow/lib/python3.12/site-packages:${PYTHONPATH} VIRTUAL_ENV_PROMPT=(venv) /usr/bin/python3 -W ignore:setup.py install is deprecated -W ignore:easy_install command is deprecated setup.py egg_info --egg-base ../../build/cart_follow build --build-base /home/pi/robot_project/robot_ws/build/cart_follow/build install --record /home/pi/robot_project/robot_ws/build/cart_follow/install.log --install-scripts $base/lib/cart_follow --single-version-externally-managed install_data
