[1.723s] Invoking command in '/home/pi/robot_project/robot_ws/build/cart_follow': DEBUGINFOD_URLS=https://debuginfod.ubuntu.com PYTHONPATH=/home/pi/robot_project/robot_ws/build/cart_follow/prefix_override:/usr/lib/python3/dist-packages/colcon_core/task/python/colcon_distutils_commands:/home/pi/robot_project/robot_ws/install/cart_follow/lib/python3.12/site-packages:${PYTHONPATH} VIRTUAL_ENV_PROMPT=(venv) /usr/bin/python3 -W ignore:setup.py install is deprecated -W ignore:easy_install command is deprecated setup.py develop --editable --build-directory /home/pi/robot_project/robot_ws/build/cart_follow/build --no-deps symlink_data
[2.152s] running develop
[2.414s] running egg_info
[2.439s] writing cart_follow.egg-info/PKG-INFO
[2.439s] writing dependency_links to cart_follow.egg-info/dependency_links.txt
[2.441s] writing entry points to cart_follow.egg-info/entry_points.txt
[2.442s] writing requirements to cart_follow.egg-info/requires.txt
[2.442s] writing top-level names to cart_follow.egg-info/top_level.txt
[2.495s] reading manifest file 'cart_follow.egg-info/SOURCES.txt'
[2.496s] writing manifest file 'cart_follow.egg-info/SOURCES.txt'
[2.522s] running build_ext
[2.522s] Creating /home/pi/robot_project/robot_ws/install/cart_follow/lib/python3.12/site-packages/cart-follow.egg-link (link to .)
[2.523s] Installing follow_controller script to /home/pi/robot_project/robot_ws/install/cart_follow/lib/cart_follow
[2.523s] Installing lidar_avoidance script to /home/pi/robot_project/robot_ws/install/cart_follow/lib/cart_follow
[2.524s] Installing motor_serial script to /home/pi/robot_project/robot_ws/install/cart_follow/lib/cart_follow
[2.524s] Installing uwb_tracker script to /home/pi/robot_project/robot_ws/install/cart_follow/lib/cart_follow
[2.524s] 
[2.524s] Installed /home/pi/robot_project/robot_ws/build/cart_follow
[2.524s] running symlink_data
[2.619s] Invoked command in '/home/pi/robot_project/robot_ws/build/cart_follow' returned '0': DEBUGINFOD_URLS=https://debuginfod.ubuntu.com PYTHONPATH=/home/pi/robot_project/robot_ws/build/cart_follow/prefix_override:/usr/lib/python3/dist-packages/colcon_core/task/python/colcon_distutils_commands:/home/pi/robot_project/robot_ws/install/cart_follow/lib/python3.12/site-packages:${PYTHONPATH} VIRTUAL_ENV_PROMPT=(venv) /usr/bin/python3 -W ignore:setup.py install is deprecated -W ignore:easy_install command is deprecated setup.py develop --editable --build-directory /home/pi/robot_project/robot_ws/build/cart_follow/build --no-deps symlink_data
