[0.139s] DEBUG:colcon:Command line arguments: ['/usr/bin/colcon', 'build', '--packages-select', 'ydlidar_ros2_driver']
[0.139s] DEBUG:colcon:Parsed command line arguments: Namespace(log_base=None, log_level=None, verb_name='build', build_base='build', install_base='install', merge_install=False, symlink_install=False, test_result_base=None, continue_on_error=False, executor='parallel', parallel_workers=4, event_handlers=None, ignore_user_meta=False, metas=['./colcon.meta'], base_paths=['.'], packages_ignore=None, packages_ignore_regex=None, paths=None, packages_up_to=None, packages_up_to_regex=None, packages_above=None, packages_above_and_dependencies=None, packages_above_depth=None, packages_select_by_dep=None, packages_skip_by_dep=None, packages_skip_up_to=None, packages_select_build_failed=False, packages_skip_build_finished=False, packages_select_test_failures=False, packages_skip_test_passed=False, packages_select=['ydlidar_ros2_driver'], packages_skip=None, packages_select_regex=None, packages_skip_regex=None, packages_start=None, packages_end=None, allow_overriding=[], cmake_args=None, cmake_target=None, cmake_target_skip_unavailable=False, cmake_clean_cache=False, cmake_clean_first=False, cmake_force_configure=False, ament_cmake_args=None, catkin_cmake_args=None, catkin_skip_building_tests=False, verb_parser=<colcon_defaults.argument_parser.defaults.DefaultArgumentsDecorator object at 0xffff9b001490>, verb_extension=<colcon_core.verb.build.BuildVerb object at 0xffff9b1b1d00>, main=<bound method BuildVerb.main of <colcon_core.verb.build.BuildVerb object at 0xffff9b1b1d00>>)
[0.194s] Level 1:colcon.colcon_core.package_discovery:discover_packages(colcon_meta) check parameters
[0.194s] Level 1:colcon.colcon_core.package_discovery:discover_packages(recursive) check parameters
[0.194s] Level 1:colcon.colcon_core.package_discovery:discover_packages(ignore) check parameters
[0.194s] Level 1:colcon.colcon_core.package_discovery:discover_packages(path) check parameters
[0.194s] Level 1:colcon.colcon_core.package_discovery:discover_packages(colcon_meta) discover
[0.195s] Level 1:colcon.colcon_core.package_discovery:discover_packages(recursive) discover
[0.195s] INFO:colcon.colcon_core.package_discovery:Crawling recursively for packages in '/home/pi/robot_project/robot_ws'
[0.195s] Level 1:colcon.colcon_core.package_identification:_identify(.) by extensions ['ignore', 'ignore_ament_install']
[0.195s] Level 1:colcon.colcon_core.package_identification:_identify(.) by extension 'ignore'
[0.195s] Level 1:colcon.colcon_core.package_identification:_identify(.) by extension 'ignore_ament_install'
[0.195s] Level 1:colcon.colcon_core.package_identification:_identify(.) by extensions ['colcon_pkg']
[0.195s] Level 1:colcon.colcon_core.package_identification:_identify(.) by extension 'colcon_pkg'
[0.195s] Level 1:colcon.colcon_core.package_identification:_identify(.) by extensions ['colcon_meta']
[0.195s] Level 1:colcon.colcon_core.package_identification:_identify(.) by extension 'colcon_meta'
[0.195s] Level 1:colcon.colcon_core.package_identification:_identify(.) by extensions ['ros']
[0.195s] Level 1:colcon.colcon_core.package_identification:_identify(.) by extension 'ros'
[0.234s] Level 1:colcon.colcon_core.package_identification:_identify(.) by extensions ['cmake', 'python']
[0.234s] Level 1:colcon.colcon_core.package_identification:_identify(.) by extension 'cmake'
[0.234s] Level 1:colcon.colcon_core.package_identification:_identify(.) by extension 'python'
[0.234s] Level 1:colcon.colcon_core.package_identification:_identify(.) by extensions ['python_setup_py']
[0.235s] Level 1:colcon.colcon_core.package_identification:_identify(.) by extension 'python_setup_py'
[0.235s] Level 1:colcon.colcon_core.package_identification:_identify(build) by extensions ['ignore', 'ignore_ament_install']
[0.235s] Level 1:colcon.colcon_core.package_identification:_identify(build) by extension 'ignore'
[0.235s] Level 1:colcon.colcon_core.package_identification:_identify(build) ignored
[0.235s] Level 1:colcon.colcon_core.package_identification:_identify(install) by extensions ['ignore', 'ignore_ament_install']
[0.235s] Level 1:colcon.colcon_core.package_identification:_identify(install) by extension 'ignore'
[0.235s] Level 1:colcon.colcon_core.package_identification:_identify(install) ignored
[0.235s] Level 1:colcon.colcon_core.package_identification:_identify(log) by extensions ['ignore', 'ignore_ament_install']
[0.235s] Level 1:colcon.colcon_core.package_identification:_identify(log) by extension 'ignore'
[0.236s] Level 1:colcon.colcon_core.package_identification:_identify(log) ignored
[0.236s] Level 1:colcon.colcon_core.package_identification:_identify(src) by extensions ['ignore', 'ignore_ament_install']
[0.236s] Level 1:colcon.colcon_core.package_identification:_identify(src) by extension 'ignore'
[0.236s] Level 1:colcon.colcon_core.package_identification:_identify(src) by extension 'ignore_ament_install'
[0.236s] Level 1:colcon.colcon_core.package_identification:_identify(src) by extensions ['colcon_pkg']
[0.236s] Level 1:colcon.colcon_core.package_identification:_identify(src) by extension 'colcon_pkg'
[0.236s] Level 1:colcon.colcon_core.package_identification:_identify(src) by extensions ['colcon_meta']
[0.236s] Level 1:colcon.colcon_core.package_identification:_identify(src) by extension 'colcon_meta'
[0.236s] Level 1:colcon.colcon_core.package_identification:_identify(src) by extensions ['ros']
[0.236s] Level 1:colcon.colcon_core.package_identification:_identify(src) by extension 'ros'
[0.236s] Level 1:colcon.colcon_core.package_identification:_identify(src) by extensions ['cmake', 'python']
[0.236s] Level 1:colcon.colcon_core.package_identification:_identify(src) by extension 'cmake'
[0.236s] Level 1:colcon.colcon_core.package_identification:_identify(src) by extension 'python'
[0.236s] Level 1:colcon.colcon_core.package_identification:_identify(src) by extensions ['python_setup_py']
[0.236s] Level 1:colcon.colcon_core.package_identification:_identify(src) by extension 'python_setup_py'
[0.236s] Level 1:colcon.colcon_core.package_identification:_identify(src/cart_follow) by extensions ['ignore', 'ignore_ament_install']
[0.237s] Level 1:colcon.colcon_core.package_identification:_identify(src/cart_follow) by extension 'ignore'
[0.237s] Level 1:colcon.colcon_core.package_identification:_identify(src/cart_follow) by extension 'ignore_ament_install'
[0.237s] Level 1:colcon.colcon_core.package_identification:_identify(src/cart_follow) by extensions ['colcon_pkg']
[0.237s] Level 1:colcon.colcon_core.package_identification:_identify(src/cart_follow) by extension 'colcon_pkg'
[0.237s] Level 1:colcon.colcon_core.package_identification:_identify(src/cart_follow) by extensions ['colcon_meta']
[0.237s] Level 1:colcon.colcon_core.package_identification:_identify(src/cart_follow) by extension 'colcon_meta'
[0.237s] Level 1:colcon.colcon_core.package_identification:_identify(src/cart_follow) by extensions ['ros']
[0.237s] Level 1:colcon.colcon_core.package_identification:_identify(src/cart_follow) by extension 'ros'
[0.244s] DEBUG:colcon.colcon_core.package_identification:Package 'src/cart_follow' with type 'ros.ament_python' and name 'cart_follow'
[0.244s] Level 1:colcon.colcon_core.package_identification:_identify(src/ydlidar_ros2_driver_jazzy) by extensions ['ignore', 'ignore_ament_install']
[0.245s] Level 1:colcon.colcon_core.package_identification:_identify(src/ydlidar_ros2_driver_jazzy) by extension 'ignore'
[0.245s] Level 1:colcon.colcon_core.package_identification:_identify(src/ydlidar_ros2_driver_jazzy) by extension 'ignore_ament_install'
[0.245s] Level 1:colcon.colcon_core.package_identification:_identify(src/ydlidar_ros2_driver_jazzy) by extensions ['colcon_pkg']
[0.245s] Level 1:colcon.colcon_core.package_identification:_identify(src/ydlidar_ros2_driver_jazzy) by extension 'colcon_pkg'
[0.245s] Level 1:colcon.colcon_core.package_identification:_identify(src/ydlidar_ros2_driver_jazzy) by extensions ['colcon_meta']
[0.245s] Level 1:colcon.colcon_core.package_identification:_identify(src/ydlidar_ros2_driver_jazzy) by extension 'colcon_meta'
[0.245s] Level 1:colcon.colcon_core.package_identification:_identify(src/ydlidar_ros2_driver_jazzy) by extensions ['ros']
[0.245s] Level 1:colcon.colcon_core.package_identification:_identify(src/ydlidar_ros2_driver_jazzy) by extension 'ros'
[0.246s] DEBUG:colcon.colcon_core.package_identification:Package 'src/ydlidar_ros2_driver_jazzy' with type 'ros.ament_cmake' and name 'ydlidar_ros2_driver'
[0.246s] Level 1:colcon.colcon_core.package_discovery:discover_packages(recursive) using defaults
[0.246s] Level 1:colcon.colcon_core.package_discovery:discover_packages(ignore) discover
[0.246s] Level 1:colcon.colcon_core.package_discovery:discover_packages(ignore) using defaults
[0.246s] Level 1:colcon.colcon_core.package_discovery:discover_packages(path) discover
[0.246s] Level 1:colcon.colcon_core.package_discovery:discover_packages(path) using defaults
[0.269s] INFO:colcon.colcon_core.package_selection:Skipping not selected package 'cart_follow' in 'src/cart_follow'
[0.270s] Level 1:colcon.colcon_core.package_discovery:discover_packages(prefix_path) check parameters
[0.270s] Level 1:colcon.colcon_core.package_discovery:discover_packages(prefix_path) discover
[0.272s] DEBUG:colcon.colcon_installed_package_information.package_discovery:Found 2 installed packages in /home/pi/robot_project/robot_ws/install
[0.274s] DEBUG:colcon.colcon_installed_package_information.package_discovery:Found 287 installed packages in /opt/ros/jazzy
[0.275s] Level 1:colcon.colcon_core.package_discovery:discover_packages(prefix_path) using defaults
[0.339s] Level 5:colcon.colcon_core.verb:set package 'ydlidar_ros2_driver' build argument 'cmake_args' from command line to 'None'
[0.339s] Level 5:colcon.colcon_core.verb:set package 'ydlidar_ros2_driver' build argument 'cmake_target' from command line to 'None'
[0.339s] Level 5:colcon.colcon_core.verb:set package 'ydlidar_ros2_driver' build argument 'cmake_target_skip_unavailable' from command line to 'False'
[0.339s] Level 5:colcon.colcon_core.verb:set package 'ydlidar_ros2_driver' build argument 'cmake_clean_cache' from command line to 'False'
[0.339s] Level 5:colcon.colcon_core.verb:set package 'ydlidar_ros2_driver' build argument 'cmake_clean_first' from command line to 'False'
[0.339s] Level 5:colcon.colcon_core.verb:set package 'ydlidar_ros2_driver' build argument 'cmake_force_configure' from command line to 'False'
[0.339s] Level 5:colcon.colcon_core.verb:set package 'ydlidar_ros2_driver' build argument 'ament_cmake_args' from command line to 'None'
[0.339s] Level 5:colcon.colcon_core.verb:set package 'ydlidar_ros2_driver' build argument 'catkin_cmake_args' from command line to 'None'
[0.339s] Level 5:colcon.colcon_core.verb:set package 'ydlidar_ros2_driver' build argument 'catkin_skip_building_tests' from command line to 'False'
[0.339s] DEBUG:colcon.colcon_core.verb:Building package 'ydlidar_ros2_driver' with the following arguments: {'ament_cmake_args': None, 'build_base': '/home/pi/robot_project/robot_ws/build/ydlidar_ros2_driver', 'catkin_cmake_args': None, 'catkin_skip_building_tests': False, 'cmake_args': None, 'cmake_clean_cache': False, 'cmake_clean_first': False, 'cmake_force_configure': False, 'cmake_target': None, 'cmake_target_skip_unavailable': False, 'install_base': '/home/pi/robot_project/robot_ws/install/ydlidar_ros2_driver', 'merge_install': False, 'path': '/home/pi/robot_project/robot_ws/src/ydlidar_ros2_driver_jazzy', 'symlink_install': False, 'test_result_base': None}
[0.339s] INFO:colcon.colcon_core.executor:Executing jobs using 'parallel' executor
[0.341s] DEBUG:colcon.colcon_parallel_executor.executor.parallel:run_until_complete
[0.341s] INFO:colcon.colcon_ros.task.ament_cmake.build:Building ROS package in '/home/pi/robot_project/robot_ws/src/ydlidar_ros2_driver_jazzy' with build type 'ament_cmake'
[0.341s] INFO:colcon.colcon_cmake.task.cmake.build:Building CMake package in '/home/pi/robot_project/robot_ws/src/ydlidar_ros2_driver_jazzy'
[0.344s] INFO:colcon.colcon_core.plugin_system:Skipping extension 'colcon_core.shell.bat': Not used on non-Windows systems
[0.344s] INFO:colcon.colcon_core.shell:Skip shell extension 'powershell' for command environment: Not usable outside of PowerShell
[0.344s] DEBUG:colcon.colcon_core.shell:Skip shell extension 'dsv' for command environment
[0.357s] DEBUG:colcon.colcon_core.event_handler.log_command:Invoking command in '/home/pi/robot_project/robot_ws/build/ydlidar_ros2_driver': CMAKE_PREFIX_PATH=${CMAKE_PREFIX_PATH}:/home/pi/robot_project/robot_ws/install/cart_follow:/opt/ros/jazzy DEBUGINFOD_URLS=https://debuginfod.ubuntu.com /usr/bin/cmake --build /home/pi/robot_project/robot_ws/build/ydlidar_ros2_driver -- -j4 -l4
[0.482s] DEBUG:colcon.colcon_core.event_handler.log_command:Invoked command in '/home/pi/robot_project/robot_ws/build/ydlidar_ros2_driver' returned '0': CMAKE_PREFIX_PATH=${CMAKE_PREFIX_PATH}:/home/pi/robot_project/robot_ws/install/cart_follow:/opt/ros/jazzy DEBUGINFOD_URLS=https://debuginfod.ubuntu.com /usr/bin/cmake --build /home/pi/robot_project/robot_ws/build/ydlidar_ros2_driver -- -j4 -l4
[0.502s] DEBUG:colcon.colcon_core.event_handler.log_command:Invoking command in '/home/pi/robot_project/robot_ws/build/ydlidar_ros2_driver': CMAKE_PREFIX_PATH=${CMAKE_PREFIX_PATH}:/home/pi/robot_project/robot_ws/install/cart_follow:/opt/ros/jazzy DEBUGINFOD_URLS=https://debuginfod.ubuntu.com /usr/bin/cmake --install /home/pi/robot_project/robot_ws/build/ydlidar_ros2_driver
[0.528s] Level 1:colcon.colcon_core.environment:create_environment_scripts_only(ydlidar_ros2_driver)
[0.529s] DEBUG:colcon.colcon_core.event_handler.log_command:Invoked command in '/home/pi/robot_project/robot_ws/build/ydlidar_ros2_driver' returned '0': CMAKE_PREFIX_PATH=${CMAKE_PREFIX_PATH}:/home/pi/robot_project/robot_ws/install/cart_follow:/opt/ros/jazzy DEBUGINFOD_URLS=https://debuginfod.ubuntu.com /usr/bin/cmake --install /home/pi/robot_project/robot_ws/build/ydlidar_ros2_driver
[0.533s] Level 1:colcon.colcon_core.environment:checking '/home/pi/robot_project/robot_ws/install/ydlidar_ros2_driver' for CMake module files
[0.533s] Level 1:colcon.colcon_core.environment:checking '/home/pi/robot_project/robot_ws/install/ydlidar_ros2_driver' for CMake config files
[0.534s] Level 1:colcon.colcon_core.shell:create_environment_hook('ydlidar_ros2_driver', 'cmake_prefix_path')
[0.534s] INFO:colcon.colcon_core.shell:Creating environment hook '/home/pi/robot_project/robot_ws/install/ydlidar_ros2_driver/share/ydlidar_ros2_driver/hook/cmake_prefix_path.ps1'
[0.535s] INFO:colcon.colcon_core.shell:Creating environment descriptor '/home/pi/robot_project/robot_ws/install/ydlidar_ros2_driver/share/ydlidar_ros2_driver/hook/cmake_prefix_path.dsv'
[0.536s] INFO:colcon.colcon_core.shell:Creating environment hook '/home/pi/robot_project/robot_ws/install/ydlidar_ros2_driver/share/ydlidar_ros2_driver/hook/cmake_prefix_path.sh'
[0.537s] Level 1:colcon.colcon_core.environment:checking '/home/pi/robot_project/robot_ws/install/ydlidar_ros2_driver/lib'
[0.537s] Level 1:colcon.colcon_core.environment:checking '/home/pi/robot_project/robot_ws/install/ydlidar_ros2_driver/bin'
[0.537s] Level 1:colcon.colcon_core.environment:checking '/home/pi/robot_project/robot_ws/install/ydlidar_ros2_driver/lib/pkgconfig/ydlidar_ros2_driver.pc'
[0.538s] Level 1:colcon.colcon_core.environment:checking '/home/pi/robot_project/robot_ws/install/ydlidar_ros2_driver/lib/python3.12/site-packages'
[0.538s] Level 1:colcon.colcon_core.environment:checking '/home/pi/robot_project/robot_ws/install/ydlidar_ros2_driver/bin'
[0.539s] INFO:colcon.colcon_core.shell:Creating package script '/home/pi/robot_project/robot_ws/install/ydlidar_ros2_driver/share/ydlidar_ros2_driver/package.ps1'
[0.540s] INFO:colcon.colcon_core.shell:Creating package descriptor '/home/pi/robot_project/robot_ws/install/ydlidar_ros2_driver/share/ydlidar_ros2_driver/package.dsv'
[0.541s] INFO:colcon.colcon_core.shell:Creating package script '/home/pi/robot_project/robot_ws/install/ydlidar_ros2_driver/share/ydlidar_ros2_driver/package.sh'
[0.542s] INFO:colcon.colcon_core.shell:Creating package script '/home/pi/robot_project/robot_ws/install/ydlidar_ros2_driver/share/ydlidar_ros2_driver/package.bash'
[0.543s] INFO:colcon.colcon_core.shell:Creating package script '/home/pi/robot_project/robot_ws/install/ydlidar_ros2_driver/share/ydlidar_ros2_driver/package.zsh'
[0.544s] Level 1:colcon.colcon_core.environment:create_file_with_runtime_dependencies(/home/pi/robot_project/robot_ws/install/ydlidar_ros2_driver/share/colcon-core/packages/ydlidar_ros2_driver)
[0.545s] Level 1:colcon.colcon_core.environment:create_environment_scripts_only(ydlidar_ros2_driver)
[0.546s] Level 1:colcon.colcon_core.environment:checking '/home/pi/robot_project/robot_ws/install/ydlidar_ros2_driver' for CMake module files
[0.547s] Level 1:colcon.colcon_core.environment:checking '/home/pi/robot_project/robot_ws/install/ydlidar_ros2_driver' for CMake config files
[0.547s] Level 1:colcon.colcon_core.shell:create_environment_hook('ydlidar_ros2_driver', 'cmake_prefix_path')
[0.548s] INFO:colcon.colcon_core.shell:Creating environment hook '/home/pi/robot_project/robot_ws/install/ydlidar_ros2_driver/share/ydlidar_ros2_driver/hook/cmake_prefix_path.ps1'
[0.548s] INFO:colcon.colcon_core.shell:Creating environment descriptor '/home/pi/robot_project/robot_ws/install/ydlidar_ros2_driver/share/ydlidar_ros2_driver/hook/cmake_prefix_path.dsv'
[0.549s] INFO:colcon.colcon_core.shell:Creating environment hook '/home/pi/robot_project/robot_ws/install/ydlidar_ros2_driver/share/ydlidar_ros2_driver/hook/cmake_prefix_path.sh'
[0.550s] Level 1:colcon.colcon_core.environment:checking '/home/pi/robot_project/robot_ws/install/ydlidar_ros2_driver/lib'
[0.550s] Level 1:colcon.colcon_core.environment:checking '/home/pi/robot_project/robot_ws/install/ydlidar_ros2_driver/bin'
[0.550s] Level 1:colcon.colcon_core.environment:checking '/home/pi/robot_project/robot_ws/install/ydlidar_ros2_driver/lib/pkgconfig/ydlidar_ros2_driver.pc'
[0.551s] Level 1:colcon.colcon_core.environment:checking '/home/pi/robot_project/robot_ws/install/ydlidar_ros2_driver/lib/python3.12/site-packages'
[0.551s] Level 1:colcon.colcon_core.environment:checking '/home/pi/robot_project/robot_ws/install/ydlidar_ros2_driver/bin'
[0.552s] INFO:colcon.colcon_core.shell:Creating package script '/home/pi/robot_project/robot_ws/install/ydlidar_ros2_driver/share/ydlidar_ros2_driver/package.ps1'
[0.553s] INFO:colcon.colcon_core.shell:Creating package descriptor '/home/pi/robot_project/robot_ws/install/ydlidar_ros2_driver/share/ydlidar_ros2_driver/package.dsv'
[0.554s] INFO:colcon.colcon_core.shell:Creating package script '/home/pi/robot_project/robot_ws/install/ydlidar_ros2_driver/share/ydlidar_ros2_driver/package.sh'
[0.555s] INFO:colcon.colcon_core.shell:Creating package script '/home/pi/robot_project/robot_ws/install/ydlidar_ros2_driver/share/ydlidar_ros2_driver/package.bash'
[0.555s] INFO:colcon.colcon_core.shell:Creating package script '/home/pi/robot_project/robot_ws/install/ydlidar_ros2_driver/share/ydlidar_ros2_driver/package.zsh'
[0.556s] Level 1:colcon.colcon_core.environment:create_file_with_runtime_dependencies(/home/pi/robot_project/robot_ws/install/ydlidar_ros2_driver/share/colcon-core/packages/ydlidar_ros2_driver)
[0.557s] DEBUG:colcon.colcon_parallel_executor.executor.parallel:closing loop
[0.558s] DEBUG:colcon.colcon_parallel_executor.executor.parallel:loop closed
[0.558s] DEBUG:colcon.colcon_parallel_executor.executor.parallel:run_until_complete finished with '0'
[0.558s] DEBUG:colcon.colcon_core.event_reactor:joining thread
[0.559s] DEBUG:colcon.colcon_core.event_reactor:joined thread
[0.559s] INFO:colcon.colcon_core.shell:Creating prefix script '/home/pi/robot_project/robot_ws/install/local_setup.ps1'
[0.560s] INFO:colcon.colcon_core.shell:Creating prefix util module '/home/pi/robot_project/robot_ws/install/_local_setup_util_ps1.py'
[0.562s] INFO:colcon.colcon_core.shell:Creating prefix chain script '/home/pi/robot_project/robot_ws/install/setup.ps1'
[0.564s] INFO:colcon.colcon_core.shell:Creating prefix script '/home/pi/robot_project/robot_ws/install/local_setup.sh'
[0.565s] INFO:colcon.colcon_core.shell:Creating prefix util module '/home/pi/robot_project/robot_ws/install/_local_setup_util_sh.py'
[0.566s] INFO:colcon.colcon_core.shell:Creating prefix chain script '/home/pi/robot_project/robot_ws/install/setup.sh'
[0.568s] INFO:colcon.colcon_core.shell:Creating prefix script '/home/pi/robot_project/robot_ws/install/local_setup.bash'
[0.568s] INFO:colcon.colcon_core.shell:Creating prefix chain script '/home/pi/robot_project/robot_ws/install/setup.bash'
[0.570s] INFO:colcon.colcon_core.shell:Creating prefix script '/home/pi/robot_project/robot_ws/install/local_setup.zsh'
[0.571s] INFO:colcon.colcon_core.shell:Creating prefix chain script '/home/pi/robot_project/robot_ws/install/setup.zsh'
