running develop
running egg_info
creating cart_follow.egg-info
writing cart_follow.egg-info/PKG-INFO
writing dependency_links to cart_follow.egg-info/dependency_links.txt
writing entry points to cart_follow.egg-info/entry_points.txt
writing requirements to cart_follow.egg-info/requires.txt
writing top-level names to cart_follow.egg-info/top_level.txt
writing manifest file 'cart_follow.egg-info/SOURCES.txt'
reading manifest file 'cart_follow.egg-info/SOURCES.txt'
writing manifest file 'cart_follow.egg-info/SOURCES.txt'
running build_ext
Creating /home/pi/robot_project/install/cart_follow/lib/python3.12/site-packages/cart-follow.egg-link (link to .)
Installing follow_controller script to /home/pi/robot_project/install/cart_follow/lib/cart_follow
Installing lidar_avoidance script to /home/pi/robot_project/install/cart_follow/lib/cart_follow
Installing motor_serial script to /home/pi/robot_project/install/cart_follow/lib/cart_follow
Installing uwb_tracker script to /home/pi/robot_project/install/cart_follow/lib/cart_follow

Installed /home/pi/robot_project/build/cart_follow
running symlink_data
creating /home/pi/robot_project/install/cart_follow/share/ament_index
creating /home/pi/robot_project/install/cart_follow/share/ament_index/resource_index
creating /home/pi/robot_project/install/cart_follow/share/ament_index/resource_index/packages
symbolically linking /home/pi/robot_project/build/cart_follow/resource/cart_follow -> /home/pi/robot_project/install/cart_follow/share/ament_index/resource_index/packages
symbolically linking /home/pi/robot_project/build/cart_follow/package.xml -> /home/pi/robot_project/install/cart_follow/share/cart_follow
