[1.981s] Invoking command in '/home/pi/robot_project/build/cart_follow': DEBUGINFOD_URLS=https://debuginfod.ubuntu.com PYTHONPATH=/home/pi/robot_project/build/cart_follow/prefix_override:/usr/lib/python3/dist-packages/colcon_core/task/python/colcon_distutils_commands:/home/pi/robot_project/install/cart_follow/lib/python3.12/site-packages:${PYTHONPATH} /usr/bin/python3 -W ignore:setup.py install is deprecated -W ignore:easy_install command is deprecated setup.py develop --editable --build-directory /home/pi/robot_project/build/cart_follow/build --no-deps symlink_data
[2.614s] running develop
[2.935s] running egg_info
[2.935s] creating cart_follow.egg-info
[2.975s] writing cart_follow.egg-info/PKG-INFO
[2.976s] writing dependency_links to cart_follow.egg-info/dependency_links.txt
[2.976s] writing entry points to cart_follow.egg-info/entry_points.txt
[2.976s] writing requirements to cart_follow.egg-info/requires.txt
[2.976s] writing top-level names to cart_follow.egg-info/top_level.txt
[2.977s] writing manifest file 'cart_follow.egg-info/SOURCES.txt'
[3.035s] reading manifest file 'cart_follow.egg-info/SOURCES.txt'
[3.036s] writing manifest file 'cart_follow.egg-info/SOURCES.txt'
[3.067s] running build_ext
[3.067s] Creating /home/pi/robot_project/install/cart_follow/lib/python3.12/site-packages/cart-follow.egg-link (link to .)
[3.068s] Installing follow_controller script to /home/pi/robot_project/install/cart_follow/lib/cart_follow
[3.068s] Installing lidar_avoidance script to /home/pi/robot_project/install/cart_follow/lib/cart_follow
[3.068s] Installing motor_serial script to /home/pi/robot_project/install/cart_follow/lib/cart_follow
[3.069s] Installing uwb_tracker script to /home/pi/robot_project/install/cart_follow/lib/cart_follow
[3.069s] 
[3.069s] Installed /home/pi/robot_project/build/cart_follow
[3.069s] running symlink_data
[3.070s] creating /home/pi/robot_project/install/cart_follow/share/ament_index
[3.070s] creating /home/pi/robot_project/install/cart_follow/share/ament_index/resource_index
[3.070s] creating /home/pi/robot_project/install/cart_follow/share/ament_index/resource_index/packages
[3.071s] symbolically linking /home/pi/robot_project/build/cart_follow/resource/cart_follow -> /home/pi/robot_project/install/cart_follow/share/ament_index/resource_index/packages
[3.071s] symbolically linking /home/pi/robot_project/build/cart_follow/package.xml -> /home/pi/robot_project/install/cart_follow/share/cart_follow
[3.191s] Invoked command in '/home/pi/robot_project/build/cart_follow' returned '0': DEBUGINFOD_URLS=https://debuginfod.ubuntu.com PYTHONPATH=/home/pi/robot_project/build/cart_follow/prefix_override:/usr/lib/python3/dist-packages/colcon_core/task/python/colcon_distutils_commands:/home/pi/robot_project/install/cart_follow/lib/python3.12/site-packages:${PYTHONPATH} /usr/bin/python3 -W ignore:setup.py install is deprecated -W ignore:easy_install command is deprecated setup.py develop --editable --build-directory /home/pi/robot_project/build/cart_follow/build --no-deps symlink_data
